nohup: ignoring input
discovered 645 source files under /home/balannag/KNG/data
[1/645]   20seg  data/July 2026/Emergency 2.0/Emergency 2.0.pdf
[2/645]   30seg  data/July 2026/Emergency 2.0/Social media censorship-21-07-2026.pdf
[3/645]    1seg  data/July 2026/Panchadarla/Archaeology_Report_16-07-2026.pdf
[4/645]    1seg  data/July 2026/Panchadarla/PRESS NOTE English and Telugu(1)_1_260716_194321.pdf
[5/645]    1seg  data/July 2026/Sakshi news clips on attcks on women/1.jpeg
[6/645]    1seg  data/July 2026/Sakshi news clips on attcks on women/10.jpeg
[7/645]    1seg  data/July 2026/Sakshi news clips on attcks on women/11.jpeg
[8/645]    1seg  data/July 2026/Sakshi news clips on attcks on women/12.jpeg
[9/645]    1seg  data/July 2026/Sakshi news clips on attcks on women/13.jpeg
[10/645]    1seg  data/July 2026/Sakshi news clips on attcks on women/14.jpeg
[11/645]    1seg  data/July 2026/Sakshi news clips on attcks on women/15.jpeg
[12/645]    1seg  data/July 2026/Sakshi news clips on attcks on women/16 incidents.docx
[13/645]    1seg  data/July 2026/Sakshi news clips on attcks on women/16.jpeg
[14/645]    1seg  data/July 2026/Sakshi news clips on attcks on women/17.jpeg
[15/645]    1seg  data/July 2026/Sakshi news clips on attcks on women/2. .jpeg
[16/645]    1seg  data/July 2026/Sakshi news clips on attcks on women/3. .jpeg
[17/645]    1seg  data/July 2026/Sakshi news clips on attcks on women/5. .jpeg
[18/645]    1seg  data/July 2026/Sakshi news clips on attcks on women/6. .jpeg
[19/645]    1seg  data/July 2026/Sakshi news clips on attcks on women/7.jpeg
[20/645]    1seg  data/July 2026/Sakshi news clips on attcks on women/8.jpeg
[21/645]    1seg  data/July 2026/Sakshi news clips on attcks on women/9.jpeg
[22/645]    1seg  data/July 2026/Sakshi news clips on attcks on women/attacks on women_sakshi news clips full text.docx
[23/645]    1seg  data/July 2026/Sakshi news clips on attcks on women/attacks.docx
[24/645]    1seg  data/July 2026/Sakshi news clips on attcks on women/incidents.docx
[25/645]    1seg  data/YS JAGAN_PRESSMEETS DATA/10_28.11.2024_SECI – POWER SECTOR/28.11.2024_SRI JAGAN PC_press release.docx
[26/645]    1seg  data/YS JAGAN_PRESSMEETS DATA/10_28.11.2024_SECI – POWER SECTOR/PRESSMEET_SOURCE_FILES_28112024/DOCUMENTS_VIDEOS/CERC sharing reguations relevant page - marked.pdf
[27/645]    3seg  data/YS JAGAN_PRESSMEETS DATA/10_28.11.2024_SECI – POWER SECTOR/PRESSMEET_SOURCE_FILES_28112024/DOCUMENTS_VIDEOS/Chandrababu_Renewable Energy Investors_ Meet in Gandhinagar_16092024.mp4
[28/645]    1seg  data/YS JAGAN_PRESSMEETS DATA/10_28.11.2024_SECI – POWER SECTOR/PRESSMEET_SOURCE_FILES_28112024/DOCUMENTS_VIDEOS/MOP 15th January 2021 notification - marked.pdf
[29/645]    1seg  data/YS JAGAN_PRESSMEETS DATA/10_28.11.2024_SECI – POWER SECTOR/PRESSMEET_SOURCE_FILES_28112024/DOCUMENTS_VIDEOS/MOP 30th November Notification - marked.pdf
[30/645]    1seg  data/YS JAGAN_PRESSMEETS DATA/10_28.11.2024_SECI – POWER SECTOR/PRESSMEET_SOURCE_FILES_28112024/DOCUMENTS_VIDEOS/PSA with SECI - relevant page - marked.pdf
[31/645]    1seg  data/YS JAGAN_PRESSMEETS DATA/10_28.11.2024_SECI – POWER SECTOR/PRESSMEET_SOURCE_FILES_28112024/DOCUMENTS_VIDEOS/PSA with other States.pdf
[32/645]    1seg  data/YS JAGAN_PRESSMEETS DATA/10_28.11.2024_SECI – POWER SECTOR/PRESSMEET_SOURCE_FILES_28112024/DOCUMENTS_VIDEOS/SECI - rebuttal on ISTS.pdf
[33/645]    1seg  data/YS JAGAN_PRESSMEETS DATA/10_28.11.2024_SECI – POWER SECTOR/PRESSMEET_SOURCE_FILES_28112024/DOCUMENTS_VIDEOS/SECI LETTER TO AP GOVT.pdf
[34/645]    1seg  data/YS JAGAN_PRESSMEETS DATA/10_28.11.2024_SECI – POWER SECTOR/PRESSMEET_SOURCE_FILES_28112024/DOCUMENTS_VIDEOS/WhatsApp Image 2024-11-28 at 11.19.23 AM.jpeg
[35/645]    1seg  data/YS JAGAN_PRESSMEETS DATA/10_28.11.2024_SECI – POWER SECTOR/PRESSMEET_SOURCE_FILES_28112024/DOCUMENTS_VIDEOS/WhatsApp Image 2024-11-28 at 11.19.41 AM.jpeg
[36/645]    1seg  data/YS JAGAN_PRESSMEETS DATA/10_28.11.2024_SECI – POWER SECTOR/PRESSMEET_SOURCE_FILES_28112024/Final_28.11.2024/CERC regulations concerned page.pdf
[37/645]    1seg  data/YS JAGAN_PRESSMEETS DATA/10_28.11.2024_SECI – POWER SECTOR/PRESSMEET_SOURCE_FILES_28112024/Final_28.11.2024/GUVNL 1.99 tariff details.jpg
[38/645]    1seg  data/YS JAGAN_PRESSMEETS DATA/10_28.11.2024_SECI – POWER SECTOR/PRESSMEET_SOURCE_FILES_28112024/Final_28.11.2024/MOP 15th January 2021 ISTS order.pdf
[39/645]    1seg  data/YS JAGAN_PRESSMEETS DATA/10_28.11.2024_SECI – POWER SECTOR/PRESSMEET_SOURCE_FILES_28112024/Final_28.11.2024/MOP 30th November 2021 ISTS order.pdf
[40/645]    1seg  data/YS JAGAN_PRESSMEETS DATA/10_28.11.2024_SECI – POWER SECTOR/PRESSMEET_SOURCE_FILES_28112024/Final_28.11.2024/PSA with SECI - relevant page - marked (2).pdf
[41/645]    1seg  data/YS JAGAN_PRESSMEETS DATA/10_28.11.2024_SECI – POWER SECTOR/PRESSMEET_SOURCE_FILES_28112024/Final_28.11.2024/Power sector liabililities.jpg
[42/645]    1seg  data/YS JAGAN_PRESSMEETS DATA/10_28.11.2024_SECI – POWER SECTOR/PRESSMEET_SOURCE_FILES_28112024/Final_28.11.2024/SECI 2.00 tariff details.jpg
[43/645]    1seg  data/YS JAGAN_PRESSMEETS DATA/10_28.11.2024_SECI – POWER SECTOR/PRESSMEET_SOURCE_FILES_28112024/Final_28.11.2024/SECI PSA 1st page.pdf
[44/645]    1seg  data/YS JAGAN_PRESSMEETS DATA/10_28.11.2024_SECI – POWER SECTOR/PRESSMEET_SOURCE_FILES_28112024/Final_28.11.2024/SECI PSA 2nd page.pdf
[45/645]    1seg  data/YS JAGAN_PRESSMEETS DATA/10_28.11.2024_SECI – POWER SECTOR/PRESSMEET_SOURCE_FILES_28112024/Final_28.11.2024/SECI PSA ISTS pages.pdf
[46/645]    1seg  data/YS JAGAN_PRESSMEETS DATA/10_28.11.2024_SECI – POWER SECTOR/PRESSMEET_SOURCE_FILES_28112024/Final_28.11.2024/SECI PSA Tariff page.pdf
[47/645]    1seg  data/YS JAGAN_PRESSMEETS DATA/10_28.11.2024_SECI – POWER SECTOR/PRESSMEET_SOURCE_FILES_28112024/Final_28.11.2024/SECI PSA with various States.jpg
[48/645]    1seg  data/YS JAGAN_PRESSMEETS DATA/10_28.11.2024_SECI – POWER SECTOR/PRESSMEET_SOURCE_FILES_28112024/Final_28.11.2024/Solar 2014-19.jpg
[49/645]    1seg  data/YS JAGAN_PRESSMEETS DATA/10_28.11.2024_SECI – POWER SECTOR/PRESSMEET_SOURCE_FILES_28112024/Final_28.11.2024/Solar PV tariff discovery in other tenders.jpg
[50/645]    1seg  data/YS JAGAN_PRESSMEETS DATA/10_28.11.2024_SECI – POWER SECTOR/PRESSMEET_SOURCE_FILES_28112024/Final_28.11.2024/TNERC order approving SECI arrangement.pdf
[51/645]    1seg  data/YS JAGAN_PRESSMEETS DATA/10_28.11.2024_SECI – POWER SECTOR/PRESSMEET_SOURCE_FILES_28112024/Final_28.11.2024/Wind 2014-19 PPAs (1).jpg
[52/645]    1seg  data/YS JAGAN_PRESSMEETS DATA/10_28.11.2024_SECI – POWER SECTOR/PRESSMEET_SOURCE_FILES_28112024/Final_28.11.2024/Wind 2014-19 PPAs.jpg
[53/645]    1seg  data/YS JAGAN_PRESSMEETS DATA/10_28.11.2024_SECI – POWER SECTOR/PRESSMEET_SOURCE_FILES_28112024/IMAGES/1.SECI LETR TO AP GOVT_1.jpg
[54/645]    1seg  data/YS JAGAN_PRESSMEETS DATA/10_28.11.2024_SECI – POWER SECTOR/PRESSMEET_SOURCE_FILES_28112024/IMAGES/1.SECI LETR TO AP GOVT_2.jpg
[55/645]    1seg  data/YS JAGAN_PRESSMEETS DATA/10_28.11.2024_SECI – POWER SECTOR/PRESSMEET_SOURCE_FILES_28112024/IMAGES/2.TDP Regime_PowerPurchaseCost.jpg
[56/645]    1seg  data/YS JAGAN_PRESSMEETS DATA/10_28.11.2024_SECI – POWER SECTOR/PRESSMEET_SOURCE_FILES_28112024/IMAGES/3.SOLAR PPA_s.jpg
[57/645]    1seg  data/YS JAGAN_PRESSMEETS DATA/10_28.11.2024_SECI – POWER SECTOR/PRESSMEET_SOURCE_FILES_28112024/IMAGES/4.WIND PPA_s.jpg
[58/645]    1seg  data/YS JAGAN_PRESSMEETS DATA/10_28.11.2024_SECI – POWER SECTOR/PRESSMEET_SOURCE_FILES_28112024/IMAGES/5.TDP_MOU_SECI_2016_1.jpg
[59/645]    1seg  data/YS JAGAN_PRESSMEETS DATA/10_28.11.2024_SECI – POWER SECTOR/PRESSMEET_SOURCE_FILES_28112024/IMAGES/5.TDP_MOU_SECI_2016_2.jpg
[60/645]    1seg  data/YS JAGAN_PRESSMEETS DATA/10_28.11.2024_SECI – POWER SECTOR/PRESSMEET_SOURCE_FILES_28112024/IMAGES/6.SOLAR&WIND ENERGY_IST_CHARGES _WAIVER_1.jpg
[61/645]    1seg  data/YS JAGAN_PRESSMEETS DATA/10_28.11.2024_SECI – POWER SECTOR/PRESSMEET_SOURCE_FILES_28112024/IMAGES/6.SOLAR&WIND ENERGY_IST_CHARGES _WAIVER_2.jpg
[62/645]    1seg  data/YS JAGAN_PRESSMEETS DATA/10_28.11.2024_SECI – POWER SECTOR/PRESSMEET_SOURCE_FILES_28112024/IMAGES/6.SOLAR&WIND ENERGY_IST_CHARGES _WAIVER_3.jpg
[63/645]    1seg  data/YS JAGAN_PRESSMEETS DATA/10_28.11.2024_SECI – POWER SECTOR/PRESSMEET_SOURCE_FILES_28112024/IMAGES/7.POWERSECTOR_Liabilities.jpg
[64/645]    1seg  data/YS JAGAN_PRESSMEETS DATA/10_28.11.2024_SECI – POWER SECTOR/SECI PC DOC_FINAL_28112024/1.POWER Liabilities.jpg
[65/645]    1seg  data/YS JAGAN_PRESSMEETS DATA/10_28.11.2024_SECI – POWER SECTOR/SECI PC DOC_FINAL_28112024/10.PSA_s Various States.jpg
[66/645]    1seg  data/YS JAGAN_PRESSMEETS DATA/10_28.11.2024_SECI – POWER SECTOR/SECI PC DOC_FINAL_28112024/11.GUVNL TENDER.jpg
[67/645]    1seg  data/YS JAGAN_PRESSMEETS DATA/10_28.11.2024_SECI – POWER SECTOR/SECI PC DOC_FINAL_28112024/12.RAJANSTHAN SECI TENDER.jpg
[68/645]    1seg  data/YS JAGAN_PRESSMEETS DATA/10_28.11.2024_SECI – POWER SECTOR/SECI PC DOC_FINAL_28112024/13.TARIFFS RECENT TENDERS.jpg
[69/645]    1seg  data/YS JAGAN_PRESSMEETS DATA/10_28.11.2024_SECI – POWER SECTOR/SECI PC DOC_FINAL_28112024/14.SOLAR PPAS_HISTORICAL.jpg
[70/645]    1seg  data/YS JAGAN_PRESSMEETS DATA/10_28.11.2024_SECI – POWER SECTOR/SECI PC DOC_FINAL_28112024/15.WIND PPAS_HISTORICAL.jpg
[71/645]    1seg  data/YS JAGAN_PRESSMEETS DATA/10_28.11.2024_SECI – POWER SECTOR/SECI PC DOC_FINAL_28112024/2.SECI LTR TO AP GOVT_1.jpg
[72/645]    1seg  data/YS JAGAN_PRESSMEETS DATA/10_28.11.2024_SECI – POWER SECTOR/SECI PC DOC_FINAL_28112024/2.SECI LTR TO AP GOVT_2.jpg
[73/645]    1seg  data/YS JAGAN_PRESSMEETS DATA/10_28.11.2024_SECI – POWER SECTOR/SECI PC DOC_FINAL_28112024/28.11.2024_SRI JAGAN PC_press release.docx
[74/645]    1seg  data/YS JAGAN_PRESSMEETS DATA/10_28.11.2024_SECI – POWER SECTOR/SECI PC DOC_FINAL_28112024/3.WIND PPAS_TDP_2014-19.jpg
[75/645]    1seg  data/YS JAGAN_PRESSMEETS DATA/10_28.11.2024_SECI – POWER SECTOR/SECI PC DOC_FINAL_28112024/4.SOLAR PPAS_TDP_2014-19.jpg
[76/645]    1seg  data/YS JAGAN_PRESSMEETS DATA/10_28.11.2024_SECI – POWER SECTOR/SECI PC DOC_FINAL_28112024/5.SECI PSA 1st page.jpg
[77/645]    1seg  data/YS JAGAN_PRESSMEETS DATA/10_28.11.2024_SECI – POWER SECTOR/SECI PC DOC_FINAL_28112024/5.SECI PSA 2nd page.jpg
[78/645]    1seg  data/YS JAGAN_PRESSMEETS DATA/10_28.11.2024_SECI – POWER SECTOR/SECI PC DOC_FINAL_28112024/6.ISTS Waiver_1.jpg
[79/645]    1seg  data/YS JAGAN_PRESSMEETS DATA/10_28.11.2024_SECI – POWER SECTOR/SECI PC DOC_FINAL_28112024/6.ISTS Waiver_2.jpg
[80/645]    1seg  data/YS JAGAN_PRESSMEETS DATA/10_28.11.2024_SECI – POWER SECTOR/SECI PC DOC_FINAL_28112024/7.POWER SALE AGREEMENT.jpg
[81/645]    1seg  data/YS JAGAN_PRESSMEETS DATA/10_28.11.2024_SECI – POWER SECTOR/SECI PC DOC_FINAL_28112024/8.CERC REGULATIONS.jpg
[82/645]    1seg  data/YS JAGAN_PRESSMEETS DATA/10_28.11.2024_SECI – POWER SECTOR/SECI PC DOC_FINAL_28112024/9.MOP_ISTS.jpg
[83/645]    1seg  data/YS JAGAN_PRESSMEETS DATA/10_28.11.2024_SECI – POWER SECTOR/YS Jagan Eenadu Jyothi 48 Hours lo Sorry Chepali Paravu Nastam Dawa Vesta Seci Aroapnalu meda sak 29112024.jpeg
[84/645]    1seg  data/YS JAGAN_PRESSMEETS DATA/10_28.11.2024_SECI – POWER SECTOR/YS Jagan PC Seci Sak 29112024 3.jpeg
[85/645]    1seg  data/YS JAGAN_PRESSMEETS DATA/10_28.11.2024_SECI – POWER SECTOR/YS Jagan PC Seci Sak 29112024.jpeg
[86/645]    1seg  data/YS JAGAN_PRESSMEETS DATA/10_28.11.2024_SECI – POWER SECTOR/YS Jagan PC Seci Sak 291120242.jpeg
[87/645]    1seg  data/YS JAGAN_PRESSMEETS DATA/11_06.02.2025_CHANDRABABU SUPERSIX PROMISES/PRESS RELEASE.docx
[88/645]   15seg  data/YS JAGAN_PRESSMEETS DATA/11_06.02.2025_CHANDRABABU SUPERSIX PROMISES/SRI YSJ PRESSMEET-06022025/1. Sri YSJ 6th Feb presentation - full.pdf
[89/645]    4seg  data/YS JAGAN_PRESSMEETS DATA/11_06.02.2025_CHANDRABABU SUPERSIX PROMISES/SRI YSJ PRESSMEET-06022025/4. DAVOS_CBN_06022025.pdf
[90/645]    1seg  data/YS JAGAN_PRESSMEETS DATA/11_06.02.2025_CHANDRABABU SUPERSIX PROMISES/SRI YSJ PRESSMEET-06022025/5. MUNCIPAL ELECTIONS TABLE.pdf
[91/645]    1seg  data/YS JAGAN_PRESSMEETS DATA/11_06.02.2025_CHANDRABABU SUPERSIX PROMISES/SRI YSJ PRESSMEET-06022025/VIDEOS/3. MUNCIPAL ELECTIONS TABLE.pdf
[92/645]    3seg  data/YS JAGAN_PRESSMEETS DATA/11_06.02.2025_CHANDRABABU SUPERSIX PROMISES/SRI YSJ PRESSMEET-06022025/VIDEOS/7. REDBOOK_LOKESH_ZURICH.mp4
[93/645]    4seg  data/YS JAGAN_PRESSMEETS DATA/11_06.02.2025_CHANDRABABU SUPERSIX PROMISES/SRI YSJ PRESSMEET-06022025/VIDEOS/DAVOS_CBN_06022025.pdf
[94/645]    1seg  data/YS JAGAN_PRESSMEETS DATA/11_06.02.2025_CHANDRABABU SUPERSIX PROMISES/SRI YSJ PRESSMEET-06022025/VIDEOS/PRE/11. GODAVARI_BANAKACHERLA_MAP_YSRCP REGIME.pdf
[95/645]    1seg  data/YS JAGAN_PRESSMEETS DATA/11_06.02.2025_CHANDRABABU SUPERSIX PROMISES/SRI YSJ PRESSMEET-06022025/VIDEOS/PRE/3. AP APPULU_9MONTHS.pdf
[96/645]    1seg  data/YS JAGAN_PRESSMEETS DATA/11_06.02.2025_CHANDRABABU SUPERSIX PROMISES/SRI YSJ PRESSMEET-06022025/VIDEOS/PRE/6. NITIAYOG_SLIDE.pdf
[97/645]    1seg  data/YS JAGAN_PRESSMEETS DATA/11_06.02.2025_CHANDRABABU SUPERSIX PROMISES/SRI YSJ PRESSMEET-06022025/VIDEOS/PRE/7. GDP_GVA_FINAL.pdf
[98/645]    1seg  data/YS JAGAN_PRESSMEETS DATA/11_06.02.2025_CHANDRABABU SUPERSIX PROMISES/SRI YSJ PRESSMEET-06022025/VIDEOS/PRE/8. AP DEBTS_BUDGET_6,46,531.jpeg
[99/645]    1seg  data/YS JAGAN_PRESSMEETS DATA/11_06.02.2025_CHANDRABABU SUPERSIX PROMISES/SRI YSJ PRESSMEET-06022025/VIDEOS/PRE/9. CBN_DAVOS 05022025.pdf
[100/645]   11seg  data/YS JAGAN_PRESSMEETS DATA/11_06.02.2025_CHANDRABABU SUPERSIX PROMISES/SRI YSJ PRESSMEET-06022025/VIDEOS/PRE/Presentation of Sri YSJ - 05022025.pptx
[101/645]   11seg  data/YS JAGAN_PRESSMEETS DATA/11_06.02.2025_CHANDRABABU SUPERSIX PROMISES/SRI YSJ PRESSMEET-06022025/VIDEOS/Presentation of Sri YSJ - 05022025.pptx
[102/645]    1seg  data/YS JAGAN_PRESSMEETS DATA/11_06.02.2025_CHANDRABABU SUPERSIX PROMISES/YS Jagan PC sak07022025 2.jpeg
[103/645]    1seg  data/YS JAGAN_PRESSMEETS DATA/11_06.02.2025_CHANDRABABU SUPERSIX PROMISES/YS Jagan PC sak07022025 4.jpeg
[104/645]    1seg  data/YS JAGAN_PRESSMEETS DATA/11_06.02.2025_CHANDRABABU SUPERSIX PROMISES/YS Jagan PC sak07022025.jpeg
[105/645]    1seg  data/YS JAGAN_PRESSMEETS DATA/11_06.02.2025_CHANDRABABU SUPERSIX PROMISES/YS Jagan PC sak070220253.jpeg
[106/645]    1seg  data/YS JAGAN_PRESSMEETS DATA/11_06.02.2025_CHANDRABABU SUPERSIX PROMISES/YS Jagan PC sak070220255.jpeg
[107/645]    1seg  data/YS JAGAN_PRESSMEETS DATA/11_06.02.2025_CHANDRABABU SUPERSIX PROMISES/YS Jagan PC sak070220256.jpeg
[108/645]    1seg  data/YS JAGAN_PRESSMEETS DATA/11_06.02.2025_CHANDRABABU SUPERSIX PROMISES/YS Jagan PC sak070220257.jpeg
[109/645]    1seg  data/YS JAGAN_PRESSMEETS DATA/12_05.03.2025_BUDGET 2025-26/SRI YSJ PRESSMEET_BUDGET_05032025/Free bus ride for women in A.P._ government will have to walk a tightrope - The Hindu.pdf
[110/645]    1seg  data/YS JAGAN_PRESSMEETS DATA/12_05.03.2025_BUDGET 2025-26/SRI YSJ PRESSMEET_BUDGET_05032025/LOP_Speaker Ruling Telugu 05032025.pdf
[111/645]   24seg  data/YS JAGAN_PRESSMEETS DATA/12_05.03.2025_BUDGET 2025-26/SRI YSJ PRESSMEET_BUDGET_05032025/New folder/Press meet on Budget for FY 26 (1).pdf
[112/645]   24seg  data/YS JAGAN_PRESSMEETS DATA/12_05.03.2025_BUDGET 2025-26/SRI YSJ PRESSMEET_BUDGET_05032025/New folder/Press meet on Budget for FY 26 (1).pptx
[113/645]   25seg  data/YS JAGAN_PRESSMEETS DATA/12_05.03.2025_BUDGET 2025-26/SRI YSJ PRESSMEET_BUDGET_05032025/Sri YS Jagan Press meet on Budget for FY2025-2026 (05-03-2025).pdf
[114/645]    1seg  data/YS JAGAN_PRESSMEETS DATA/12_05.03.2025_BUDGET 2025-26/YS Jagan Budgeat PC Apulu pi Abdhalu Sak 06032025.jpeg
[115/645]    1seg  data/YS JAGAN_PRESSMEETS DATA/12_05.03.2025_BUDGET 2025-26/YS Jagan Budgeat PC Super6 ku Gundu Suna Sak 06032025.jpeg
[116/645]    1seg  data/YS JAGAN_PRESSMEETS DATA/12_05.03.2025_BUDGET 2025-26/YS Jagan Budgeat PC Super6 ku Gundu Suna Sak 060320252 3.jpeg
[117/645]    1seg  data/YS JAGAN_PRESSMEETS DATA/12_05.03.2025_BUDGET 2025-26/YS Jagan Budgeat PC Super6 ku Gundu Suna Sak 060320252.jpeg
[118/645]    1seg  data/YS JAGAN_PRESSMEETS DATA/12_05.03.2025_BUDGET 2025-26/YS Jagan Budgeat PC Vyevstalu Dwamsam Sak 06032025.jpeg
[119/645]    1seg  data/YS JAGAN_PRESSMEETS DATA/12_05.03.2025_BUDGET 2025-26/jagan_sir_on_budget_05_03_2025.docx
[120/645]    1seg  data/YS JAGAN_PRESSMEETS DATA/13_22.05.2025_LIQUOR SCAM, REDBOOK, AMARAVATI/PC_22052025/PC_22052025/2.1.jpeg
[121/645]    1seg  data/YS JAGAN_PRESSMEETS DATA/13_22.05.2025_LIQUOR SCAM, REDBOOK, AMARAVATI/PC_22052025/PC_22052025/2.2.jpeg
[122/645]    1seg  data/YS JAGAN_PRESSMEETS DATA/13_22.05.2025_LIQUOR SCAM, REDBOOK, AMARAVATI/PC_22052025/PC_22052025/3. IT_Notice_CBN_FINAL.pdf
[123/645]    1seg  data/YS JAGAN_PRESSMEETS DATA/13_22.05.2025_LIQUOR SCAM, REDBOOK, AMARAVATI/PC_22052025/PC_22052025/4.1.jpeg
[124/645]    1seg  data/YS JAGAN_PRESSMEETS DATA/13_22.05.2025_LIQUOR SCAM, REDBOOK, AMARAVATI/PC_22052025/PC_22052025/4.2.jpeg
[125/645]    1seg  data/YS JAGAN_PRESSMEETS DATA/13_22.05.2025_LIQUOR SCAM, REDBOOK, AMARAVATI/PC_22052025/PC_22052025/6.CBN LIQUOR SCAM_2015_SIGN Files.pdf
[126/645]    1seg  data/YS JAGAN_PRESSMEETS DATA/13_22.05.2025_LIQUOR SCAM, REDBOOK, AMARAVATI/PC_22052025/PC_22052025/7. CBN_ CID PS - Guntur Liquor Case_FIR.pdf
[127/645]    1seg  data/YS JAGAN_PRESSMEETS DATA/13_22.05.2025_LIQUOR SCAM, REDBOOK, AMARAVATI/PC_22052025/PC_22052025/Competition Commission of India- APSBCL_PC_22052025.pdf
[128/645]   17seg  data/YS JAGAN_PRESSMEETS DATA/13_22.05.2025_LIQUOR SCAM, REDBOOK, AMARAVATI/PC_22052025/PC_22052025/Presentation of Sri YSJ - 21052025 (3).pdf
[129/645]    1seg  data/YS JAGAN_PRESSMEETS DATA/13_22.05.2025_LIQUOR SCAM, REDBOOK, AMARAVATI/PC_22052025/PC_22052025/QUARTER BOTTELS/LIQUOR IMGS/110(1).jpeg
[130/645]    1seg  data/YS JAGAN_PRESSMEETS DATA/13_22.05.2025_LIQUOR SCAM, REDBOOK, AMARAVATI/PC_22052025/PC_22052025/QUARTER BOTTELS/LIQUOR IMGS/110(2).jpeg
[131/645]    1seg  data/YS JAGAN_PRESSMEETS DATA/13_22.05.2025_LIQUOR SCAM, REDBOOK, AMARAVATI/PC_22052025/PC_22052025/QUARTER BOTTELS/LIQUOR IMGS/130(1).jpeg
[132/645]    1seg  data/YS JAGAN_PRESSMEETS DATA/13_22.05.2025_LIQUOR SCAM, REDBOOK, AMARAVATI/PC_22052025/PC_22052025/QUARTER BOTTELS/LIQUOR IMGS/130(2).jpeg
[133/645]    1seg  data/YS JAGAN_PRESSMEETS DATA/13_22.05.2025_LIQUOR SCAM, REDBOOK, AMARAVATI/PC_22052025/PC_22052025/QUARTER BOTTELS/LIQUOR IMGS/140(1).jpeg
[134/645]    1seg  data/YS JAGAN_PRESSMEETS DATA/13_22.05.2025_LIQUOR SCAM, REDBOOK, AMARAVATI/PC_22052025/PC_22052025/QUARTER BOTTELS/LIQUOR IMGS/99(1).jpeg
[135/645]    1seg  data/YS JAGAN_PRESSMEETS DATA/13_22.05.2025_LIQUOR SCAM, REDBOOK, AMARAVATI/PC_22052025/PC_22052025/QUARTER BOTTELS/LIQUOR IMGS/99(2).jpeg
[136/645]    1seg  data/YS JAGAN_PRESSMEETS DATA/13_22.05.2025_LIQUOR SCAM, REDBOOK, AMARAVATI/PC_22052025/PC_22052025/QUARTER BOTTELS/LIQUOR IMGS/99(3).jpeg
[137/645]    1seg  data/YS JAGAN_PRESSMEETS DATA/13_22.05.2025_LIQUOR SCAM, REDBOOK, AMARAVATI/PC_22052025/PC_22052025/QUARTER BOTTELS/LIQUOR IMGS/99(4).jpeg
[138/645]    1seg  data/YS JAGAN_PRESSMEETS DATA/13_22.05.2025_LIQUOR SCAM, REDBOOK, AMARAVATI/PC_22052025/PC_22052025/QUARTER BOTTELS/LIQUOR IMGS/99(5).jpeg
[139/645]    1seg  data/YS JAGAN_PRESSMEETS DATA/13_22.05.2025_LIQUOR SCAM, REDBOOK, AMARAVATI/PC_22052025/PC_22052025/QUARTER BOTTELS/LIQUOR IMGS/99(6).jpeg
[140/645]    1seg  data/YS JAGAN_PRESSMEETS DATA/13_22.05.2025_LIQUOR SCAM, REDBOOK, AMARAVATI/PC_22052025/PC_22052025/QUARTER BOTTELS/LIQUOR IMGS/99(7).jpeg
[141/645]    1seg  data/YS JAGAN_PRESSMEETS DATA/13_22.05.2025_LIQUOR SCAM, REDBOOK, AMARAVATI/PC_22052025/PC_22052025/QUARTER BOTTELS/LIQUOR IMGS/99(8).jpeg
[142/645]     ERR  data/YS JAGAN_PRESSMEETS DATA/13_22.05.2025_LIQUOR SCAM, REDBOOK, AMARAVATI/PC_22052025/PC_22052025/QUARTER BOTTELS/QUARTER BOTTLE PRICES_page-0001.jpg
[143/645]    1seg  data/YS JAGAN_PRESSMEETS DATA/13_22.05.2025_LIQUOR SCAM, REDBOOK, AMARAVATI/PC_22052025/PC_22052025/QUARTER BOTTELS/QUARTER BOTTLE PRICES_page-0002.jpg
[144/645]    1seg  data/YS JAGAN_PRESSMEETS DATA/13_22.05.2025_LIQUOR SCAM, REDBOOK, AMARAVATI/PC_22052025/PC_22052025/QUARTER BOTTELS/QUARTER BOTTLE PRICES_page-0003.jpg
[145/645]    1seg  data/YS JAGAN_PRESSMEETS DATA/13_22.05.2025_LIQUOR SCAM, REDBOOK, AMARAVATI/PC_22052025/PC_22052025/QUARTER BOTTELS/QUARTER BOTTLE PRICES_page-0004.jpg
[146/645]    1seg  data/YS JAGAN_PRESSMEETS DATA/13_22.05.2025_LIQUOR SCAM, REDBOOK, AMARAVATI/PC_22052025/PDF_FILES/APMDC agreement G.O_24042025.pdf
[147/645]    1seg  data/YS JAGAN_PRESSMEETS DATA/13_22.05.2025_LIQUOR SCAM, REDBOOK, AMARAVATI/PC_22052025/PDF_FILES/CBN LIQUOR SCAM_2015_SIGN Files.pdf
[148/645]   14seg  data/YS JAGAN_PRESSMEETS DATA/13_22.05.2025_LIQUOR SCAM, REDBOOK, AMARAVATI/PC_22052025/PDF_FILES/CRDA_L1Bids_22WORKS_4.41 Excess.pdf
[149/645]    1seg  data/YS JAGAN_PRESSMEETS DATA/13_22.05.2025_LIQUOR SCAM, REDBOOK, AMARAVATI/PC_22052025/PDF_FILES/Competition Commission of India- APSBCL_PC_22052025.pdf
[150/645]    1seg  data/YS JAGAN_PRESSMEETS DATA/13_22.05.2025_LIQUOR SCAM, REDBOOK, AMARAVATI/PC_22052025/PDF_FILES/LIQUOR STATS_TDP_YSRCP_REGIME.jpeg
[151/645]    1seg  data/YS JAGAN_PRESSMEETS DATA/13_22.05.2025_LIQUOR SCAM, REDBOOK, AMARAVATI/PC_22052025/PDF_FILES/YSRCP_Reduction of Liquor Shops.PDF
[152/645]    1seg  data/YS JAGAN_PRESSMEETS DATA/13_22.05.2025_LIQUOR SCAM, REDBOOK, AMARAVATI/PRESS RELEASE.docx
[153/645]    1seg  data/YS JAGAN_PRESSMEETS DATA/13_22.05.2025_LIQUOR SCAM, REDBOOK, AMARAVATI/YS Jagan PC Apulu Sak 23052025.jpeg
[154/645]    1seg  data/YS JAGAN_PRESSMEETS DATA/13_22.05.2025_LIQUOR SCAM, REDBOOK, AMARAVATI/YS Jagan PC Madhyeam Scam Sak 23052025 (2).jpeg
[155/645]    1seg  data/YS JAGAN_PRESSMEETS DATA/13_22.05.2025_LIQUOR SCAM, REDBOOK, AMARAVATI/YS Jagan PC Madhyeam Scam Sak 23052025.jpeg
[156/645]    1seg  data/YS JAGAN_PRESSMEETS DATA/13_22.05.2025_LIQUOR SCAM, REDBOOK, AMARAVATI/YS Jagan PC Sak 23052025 (2).jpeg
[157/645]    1seg  data/YS JAGAN_PRESSMEETS DATA/13_22.05.2025_LIQUOR SCAM, REDBOOK, AMARAVATI/YS Jagan PC Sak 23052025 (3).jpeg
[158/645]    1seg  data/YS JAGAN_PRESSMEETS DATA/13_22.05.2025_LIQUOR SCAM, REDBOOK, AMARAVATI/YS Jagan PC Sak 23052025.jpeg
[159/645]    1seg  data/YS JAGAN_PRESSMEETS DATA/14_19.06.2025_RECALLING CHANDRABABU’S MANIFESTO/PRESS RELEASE.docx
[160/645]    1seg  data/YS JAGAN_PRESSMEETS DATA/14_19.06.2025_RECALLING CHANDRABABU’S MANIFESTO/SRI YSJ_PC_19062025/13.TDP MANIFESTO MOSAM.pdf
[161/645]    1seg  data/YS JAGAN_PRESSMEETS DATA/14_19.06.2025_RECALLING CHANDRABABU’S MANIFESTO/SRI YSJ_PC_19062025/2.CBN_MORE_FREEBIES.mp4
[162/645]   16seg  data/YS JAGAN_PRESSMEETS DATA/14_19.06.2025_RECALLING CHANDRABABU’S MANIFESTO/SRI YSJ_PC_19062025/3.Sri YSJ press meet - 19062025_Final.pdf
[163/645]   16seg  data/YS JAGAN_PRESSMEETS DATA/14_19.06.2025_RECALLING CHANDRABABU’S MANIFESTO/SRI YSJ_PC_19062025/Sri YSJ press meet - 19062025_SOURCE FILE.pptx
[164/645]    1seg  data/YS JAGAN_PRESSMEETS DATA/14_19.06.2025_RECALLING CHANDRABABU’S MANIFESTO/SRI YSJ_PC_19062025/WhatsApp Image 2025-06-19 at 3.37.59 PM.jpeg
[165/645]    1seg  data/YS JAGAN_PRESSMEETS DATA/14_19.06.2025_RECALLING CHANDRABABU’S MANIFESTO/SRI YSJ_PC_19062025/videos/1.CBN_MORE_FREEBIES.mp4
[166/645]    1seg  data/YS JAGAN_PRESSMEETS DATA/14_19.06.2025_RECALLING CHANDRABABU’S MANIFESTO/SRI YSJ_PC_19062025/videos/LOKESH_BYTES/LOKESH_AMMAVODI.mp4
[167/645]    4seg  data/YS JAGAN_PRESSMEETS DATA/14_19.06.2025_RECALLING CHANDRABABU’S MANIFESTO/SRI YSJ_PC_19062025/videos/LOKESH_BYTES/LOKESH_TMF_2000.mp4
[168/645]    5seg  data/YS JAGAN_PRESSMEETS DATA/14_19.06.2025_RECALLING CHANDRABABU’S MANIFESTO/SRI YSJ_PC_19062025/videos/LOKESH_BYTES/LOKESH_UDAISE_DATA.mp4
[169/645]    1seg  data/YS JAGAN_PRESSMEETS DATA/14_19.06.2025_RECALLING CHANDRABABU’S MANIFESTO/SRI YSJ_PC_19062025/videos/WhatsApp Image 2025-06-18 at 2.22.06 PM.jpeg
[170/645]    1seg  data/YS JAGAN_PRESSMEETS DATA/14_19.06.2025_RECALLING CHANDRABABU’S MANIFESTO/YS Jagan PC Apulu Sak 20062025.jpeg
[171/645]    1seg  data/YS JAGAN_PRESSMEETS DATA/14_19.06.2025_RECALLING CHANDRABABU’S MANIFESTO/YS Jagan PC Sak 20062025 (2).jpeg
[172/645]    1seg  data/YS JAGAN_PRESSMEETS DATA/14_19.06.2025_RECALLING CHANDRABABU’S MANIFESTO/YS Jagan PC Sak 20062025.jpeg
[173/645]    1seg  data/YS JAGAN_PRESSMEETS DATA/14_19.06.2025_RECALLING CHANDRABABU’S MANIFESTO/YS Jagan PC Sak 200620252.jpeg
[174/645]    1seg  data/YS JAGAN_PRESSMEETS DATA/14_19.06.2025_RECALLING CHANDRABABU’S MANIFESTO/YS Jagan PC Sak20062025.jpeg
[175/645]    1seg  data/YS JAGAN_PRESSMEETS DATA/14_19.06.2025_RECALLING CHANDRABABU’S MANIFESTO/YS Jagan PC TDP Manefesto Inti inti ki Mosam sak 20062025.jpeg
[176/645]    1seg  data/YS JAGAN_PRESSMEETS DATA/15_16.07.2025_ATTACK on Krishna ZP Chairperson Uppala Harika, False Cases filed against YSRCP Leaders, Recalling Chandrababu’s Manifesto/SRI YS JAGAN PRESSRELEASE_16072025.docx
[177/645]    1seg  data/YS JAGAN_PRESSMEETS DATA/15_16.07.2025_ATTACK on Krishna ZP Chairperson Uppala Harika, False Cases filed against YSRCP Leaders, Recalling Chandrababu’s Manifesto/Sri YSJ press meet - 19062025.pdf
[178/645]    1seg  data/YS JAGAN_PRESSMEETS DATA/15_16.07.2025_ATTACK on Krishna ZP Chairperson Uppala Harika, False Cases filed against YSRCP Leaders, Recalling Chandrababu’s Manifesto/YS Jagan PC Apulu 1.75 Laks Apula Sak 17072025.jpeg
[179/645]    1seg  data/YS JAGAN_PRESSMEETS DATA/15_16.07.2025_ATTACK on Krishna ZP Chairperson Uppala Harika, False Cases filed against YSRCP Leaders, Recalling Chandrababu’s Manifesto/YS Jagan PC Law And Order Sak 17072025.jpeg
[180/645]    1seg  data/YS JAGAN_PRESSMEETS DATA/15_16.07.2025_ATTACK on Krishna ZP Chairperson Uppala Harika, False Cases filed against YSRCP Leaders, Recalling Chandrababu’s Manifesto/YS Jagan PC Law And Order Sak 170720252 (2).jpeg
[181/645]    1seg  data/YS JAGAN_PRESSMEETS DATA/15_16.07.2025_ATTACK on Krishna ZP Chairperson Uppala Harika, False Cases filed against YSRCP Leaders, Recalling Chandrababu’s Manifesto/YS Jagan PC Law And Order Sak 170720252.jpeg
[182/645]    1seg  data/YS JAGAN_PRESSMEETS DATA/15_16.07.2025_ATTACK on Krishna ZP Chairperson Uppala Harika, False Cases filed against YSRCP Leaders, Recalling Chandrababu’s Manifesto/YS Jagan PC Polavaram 45.72 MetersHight lo Unte Megulu Jalalu Tesukuvelladam Sak17072025.jpeg
[183/645]    2seg  data/YS JAGAN_PRESSMEETS DATA/16_13.08.2025_ZPTC Elections Pulivendula-Ontimitta, CONGRESS-TDP Hotline, Rahul Gandhi VoteChore Issue, Manickam Tagore/12_SRI YSJ Press Meet - 13082025.pptx
[184/645]   12seg  data/YS JAGAN_PRESSMEETS DATA/16_13.08.2025_ZPTC Elections Pulivendula-Ontimitta, CONGRESS-TDP Hotline, Rahul Gandhi VoteChore Issue, Manickam Tagore/16_ZPTC Elections, Pulivendula-2025 fake votes IDENTIFICATION.pdf
[185/645]    1seg  data/YS JAGAN_PRESSMEETS DATA/16_13.08.2025_ZPTC Elections Pulivendula-Ontimitta, CONGRESS-TDP Hotline, Rahul Gandhi VoteChore Issue, Manickam Tagore/Koya Praveen Photo.jpeg
[186/645]    1seg  data/YS JAGAN_PRESSMEETS DATA/16_13.08.2025_ZPTC Elections Pulivendula-Ontimitta, CONGRESS-TDP Hotline, Rahul Gandhi VoteChore Issue, Manickam Tagore/PRESS RELEASE.docx
[187/645]    1seg  data/YS JAGAN_PRESSMEETS DATA/16_13.08.2025_ZPTC Elections Pulivendula-Ontimitta, CONGRESS-TDP Hotline, Rahul Gandhi VoteChore Issue, Manickam Tagore/YS Jagan PC  Rahual Gandhi Donga otulu AP Gurimchi Matladara sak 14082025 2.jpeg
[188/645]    1seg  data/YS JAGAN_PRESSMEETS DATA/16_13.08.2025_ZPTC Elections Pulivendula-Ontimitta, CONGRESS-TDP Hotline, Rahul Gandhi VoteChore Issue, Manickam Tagore/YS Jagan PC  Rahual Gandhi Donga otulu AP Gurimchi Matladara sak 14082025.jpeg
[189/645]    1seg  data/YS JAGAN_PRESSMEETS DATA/16_13.08.2025_ZPTC Elections Pulivendula-Ontimitta, CONGRESS-TDP Hotline, Rahul Gandhi VoteChore Issue, Manickam Tagore/YS Jagan PC Pulivendula ZPTC TDP Reging sak 14082025 3.jpeg
[190/645]    1seg  data/YS JAGAN_PRESSMEETS DATA/16_13.08.2025_ZPTC Elections Pulivendula-Ontimitta, CONGRESS-TDP Hotline, Rahul Gandhi VoteChore Issue, Manickam Tagore/YS Jagan PC Pulivendula ZPTC TDP Reging sak 14082025.jpeg
[191/645]    1seg  data/YS JAGAN_PRESSMEETS DATA/16_13.08.2025_ZPTC Elections Pulivendula-Ontimitta, CONGRESS-TDP Hotline, Rahul Gandhi VoteChore Issue, Manickam Tagore/YS Jagan PC Pulivendula ZPTC TDP Reging sak 140820252.jpeg
[192/645]    1seg  data/YS JAGAN_PRESSMEETS DATA/16_13.08.2025_ZPTC Elections Pulivendula-Ontimitta, CONGRESS-TDP Hotline, Rahul Gandhi VoteChore Issue, Manickam Tagore/women_s complaint letters.pdf
[193/645]    1seg  data/YS JAGAN_PRESSMEETS DATA/17_10.09.2025_UREA, MEDICAL COLLEGES(PPP)/2025HMF_RT590_E.pdf
[194/645]    1seg  data/YS JAGAN_PRESSMEETS DATA/17_10.09.2025_UREA, MEDICAL COLLEGES(PPP)/AP GOVT LAND ALLOTMENT.pdf
[195/645]   25seg  data/YS JAGAN_PRESSMEETS DATA/17_10.09.2025_UREA, MEDICAL COLLEGES(PPP)/FINAL PRESENTATION_10092025/TOPIC_1_UREA_FARMERS CLIPS.pdf
[196/645]    1seg  data/YS JAGAN_PRESSMEETS DATA/17_10.09.2025_UREA, MEDICAL COLLEGES(PPP)/FINAL PRESENTATION_10092025/TOPIC_3A_State borrowing slide.pdf
[197/645]    1seg  data/YS JAGAN_PRESSMEETS DATA/17_10.09.2025_UREA, MEDICAL COLLEGES(PPP)/FINAL PRESENTATION_10092025/TOPIC_3_SUPERSIX_final.pdf
[198/645]    1seg  data/YS JAGAN_PRESSMEETS DATA/17_10.09.2025_UREA, MEDICAL COLLEGES(PPP)/MC Status.pdf
[199/645]    1seg  data/YS JAGAN_PRESSMEETS DATA/17_10.09.2025_UREA, MEDICAL COLLEGES(PPP)/New MC Status_23.11.23.pdf
[200/645]    1seg  data/YS JAGAN_PRESSMEETS DATA/17_10.09.2025_UREA, MEDICAL COLLEGES(PPP)/PRESS RELEASE.docx
[201/645]    1seg  data/YS JAGAN_PRESSMEETS DATA/17_10.09.2025_UREA, MEDICAL COLLEGES(PPP)/YS Jagan Apulu sak 11092025.jpeg
[202/645]    1seg  data/YS JAGAN_PRESSMEETS DATA/17_10.09.2025_UREA, MEDICAL COLLEGES(PPP)/YS Jagan Medical Colleges Sak 11092025.jpeg
[203/645]    1seg  data/YS JAGAN_PRESSMEETS DATA/17_10.09.2025_UREA, MEDICAL COLLEGES(PPP)/YS Jagan PC Super 6 Atter Plap Sak 11092025 (2).jpeg
[204/645]    1seg  data/YS JAGAN_PRESSMEETS DATA/17_10.09.2025_UREA, MEDICAL COLLEGES(PPP)/YS Jagan PC Super 6 Atter Plap Sak 11092025.jpeg
[205/645]    1seg  data/YS JAGAN_PRESSMEETS DATA/17_10.09.2025_UREA, MEDICAL COLLEGES(PPP)/YS Jagan Socieal media Cases sak 11092025.jpeg
[206/645]    1seg  data/YS JAGAN_PRESSMEETS DATA/17_10.09.2025_UREA, MEDICAL COLLEGES(PPP)/YS Jagan Uriea Meda PC Sak 11092025.jpeg
[207/645]    1seg  data/YS JAGAN_PRESSMEETS DATA/17_10.09.2025_UREA, MEDICAL COLLEGES(PPP)/safe level closure.pdf
[208/645]    1seg  data/YS JAGAN_PRESSMEETS DATA/17_10.09.2025_UREA, MEDICAL COLLEGES(PPP)/stoppage of works.jpeg
[209/645]    1seg  data/YS JAGAN_PRESSMEETS DATA/18_23.10.2025_TDPLIQUOR_ISSUE_MC_LB_VIZAG DATA CENTER_EMPLOYEESDATA/PRESS RELEASE.docx
[210/645]    1seg  data/YS JAGAN_PRESSMEETS DATA/18_23.10.2025_TDPLIQUOR_ISSUE_MC_LB_VIZAG DATA CENTER_EMPLOYEESDATA/Sri YSJ Pressmeet Presentation_ 23102025.pdf
[211/645]   24seg  data/YS JAGAN_PRESSMEETS DATA/18_23.10.2025_TDPLIQUOR_ISSUE_MC_LB_VIZAG DATA CENTER_EMPLOYEESDATA/YSJ_PressMeet PDF_23102025.pdf
[212/645]    1seg  data/YS JAGAN_PRESSMEETS DATA/19_04.12.2025_TTDPARAKAMANI_29HOSTELSTUDENTSDEATHS_LIQUOR/04122025_YSJAGAN_PC/13. medical staff.pdf
[213/645]    1seg  data/YS JAGAN_PRESSMEETS DATA/19_04.12.2025_TTDPARAKAMANI_29HOSTELSTUDENTSDEATHS_LIQUOR/04122025_YSJAGAN_PC/15. medical staff.pdf
[214/645]    1seg  data/YS JAGAN_PRESSMEETS DATA/19_04.12.2025_TTDPARAKAMANI_29HOSTELSTUDENTSDEATHS_LIQUOR/04122025_YSJAGAN_PC/17. RINL vs SAIL payroll.pdf
[215/645]    1seg  data/YS JAGAN_PRESSMEETS DATA/19_04.12.2025_TTDPARAKAMANI_29HOSTELSTUDENTSDEATHS_LIQUOR/04122025_YSJAGAN_PC/19. SP BYTE_1.pdf
[216/645]    1seg  data/YS JAGAN_PRESSMEETS DATA/19_04.12.2025_TTDPARAKAMANI_29HOSTELSTUDENTSDEATHS_LIQUOR/04122025_YSJAGAN_PC/39. SIMHACHALAM ISSUE_DC.pdf
[217/645]    1seg  data/YS JAGAN_PRESSMEETS DATA/19_04.12.2025_TTDPARAKAMANI_29HOSTELSTUDENTSDEATHS_LIQUOR/04122025_YSJAGAN_PC/9. Super Six 04122025.pdf
[218/645]    1seg  data/YS JAGAN_PRESSMEETS DATA/19_04.12.2025_TTDPARAKAMANI_29HOSTELSTUDENTSDEATHS_LIQUOR/04122025_YSJAGAN_PC/DATA/17. RINL vs SAIL payroll.pdf
[219/645]    1seg  data/YS JAGAN_PRESSMEETS DATA/19_04.12.2025_TTDPARAKAMANI_29HOSTELSTUDENTSDEATHS_LIQUOR/04122025_YSJAGAN_PC/DATA/Employes.pdf
[220/645]    1seg  data/YS JAGAN_PRESSMEETS DATA/19_04.12.2025_TTDPARAKAMANI_29HOSTELSTUDENTSDEATHS_LIQUOR/04122025_YSJAGAN_PC/DATA/GO - Amended DA credit to GPF.pdf
[221/645]    1seg  data/YS JAGAN_PRESSMEETS DATA/19_04.12.2025_TTDPARAKAMANI_29HOSTELSTUDENTSDEATHS_LIQUOR/04122025_YSJAGAN_PC/DATA/GO - DA release payment at time or retirement.pdf
[222/645]    1seg  data/YS JAGAN_PRESSMEETS DATA/19_04.12.2025_TTDPARAKAMANI_29HOSTELSTUDENTSDEATHS_LIQUOR/04122025_YSJAGAN_PC/DATA/GO - Hospitals two years Salaries.pdf
[223/645]    1seg  data/YS JAGAN_PRESSMEETS DATA/19_04.12.2025_TTDPARAKAMANI_29HOSTELSTUDENTSDEATHS_LIQUOR/04122025_YSJAGAN_PC/DATA/Super Six 04122025.pdf
[224/645]    1seg  data/YS JAGAN_PRESSMEETS DATA/19_04.12.2025_TTDPARAKAMANI_29HOSTELSTUDENTSDEATHS_LIQUOR/04122025_YSJAGAN_PC/DATA/WhatsApp Image 2025-12-04 at 7.14.11 AM.jpeg
[225/645]    1seg  data/YS JAGAN_PRESSMEETS DATA/19_04.12.2025_TTDPARAKAMANI_29HOSTELSTUDENTSDEATHS_LIQUOR/04122025_YSJAGAN_PC/DATA/medical staff.pdf
[226/645]    1seg  data/YS JAGAN_PRESSMEETS DATA/19_04.12.2025_TTDPARAKAMANI_29HOSTELSTUDENTSDEATHS_LIQUOR/04122025_YSJAGAN_PC/DATA/pinnelli.pdf
[227/645]   14seg  data/YS JAGAN_PRESSMEETS DATA/19_04.12.2025_TTDPARAKAMANI_29HOSTELSTUDENTSDEATHS_LIQUOR/04122025_YSJAGAN_PC/DATA/అన్నదాతల ఆక్రందన-Final.pdf
[228/645]    1seg  data/YS JAGAN_PRESSMEETS DATA/19_04.12.2025_TTDPARAKAMANI_29HOSTELSTUDENTSDEATHS_LIQUOR/04122025_YSJAGAN_PC/Student Dead Report.pdf
[229/645]    1seg  data/YS JAGAN_PRESSMEETS DATA/19_04.12.2025_TTDPARAKAMANI_29HOSTELSTUDENTSDEATHS_LIQUOR/04122025_YSJAGAN_PC/WhatsApp Image 2025-12-03 at 12.54.37 PM.jpeg
[230/645]    1seg  data/YS JAGAN_PRESSMEETS DATA/19_04.12.2025_TTDPARAKAMANI_29HOSTELSTUDENTSDEATHS_LIQUOR/YS Jagan Press Meet Full Copy - 04.12.2025.docx
[231/645]    1seg  data/YS JAGAN_PRESSMEETS DATA/1_04.06.2024_ELECTION RESULT/PRESS RELEASE.docx
[232/645]    1seg  data/YS JAGAN_PRESSMEETS DATA/1_04.06.2024_ELECTION RESULT/YS Jagan Otami Taravtha PC sak 05062024 2.jpeg
[233/645]    1seg  data/YS JAGAN_PRESSMEETS DATA/1_04.06.2024_ELECTION RESULT/YS Jagan Otami Taravtha PC sak 05062024.jpeg
[234/645]    1seg  data/YS JAGAN_PRESSMEETS DATA/20_08.01.2026_RAYALASEMA LIFT IRRIGATION_BHOGAPURAM_AMARAVATHI CAPITAL ISSUE/Sri YS JAGAN PRESSMEET_08.01.2026.pdf
[235/645]   24seg  data/YS JAGAN_PRESSMEETS DATA/20_08.01.2026_RAYALASEMA LIFT IRRIGATION_BHOGAPURAM_AMARAVATHI CAPITAL ISSUE/YS Jagan PC - Full Copy - 08.01.2026 pdf.pdf
[236/645]    1seg  data/YS JAGAN_PRESSMEETS DATA/20_08.01.2026_RAYALASEMA LIFT IRRIGATION_BHOGAPURAM_AMARAVATHI CAPITAL ISSUE/YS Jagan PC - Full Copy - 08.01.2026.docx
[237/645]    1seg  data/YS JAGAN_PRESSMEETS DATA/21_22.01.2026_RESURVEY_JAGANANNA BHU RAKSHA PASS BOOK_MANDA SALMAN MURDER/CONTENT/AU319 (1).pdf
[238/645]    1seg  data/YS JAGAN_PRESSMEETS DATA/21_22.01.2026_RESURVEY_JAGANANNA BHU RAKSHA PASS BOOK_MANDA SALMAN MURDER/CONTENT/BABU APPADALU, CYCLE/WhatsApp Image 2026-01-21 at 2.25.08 PM.jpeg
[239/645]    1seg  data/YS JAGAN_PRESSMEETS DATA/21_22.01.2026_RESURVEY_JAGANANNA BHU RAKSHA PASS BOOK_MANDA SALMAN MURDER/CONTENT/BABU APPADALU, CYCLE/WhatsApp Image 2026-01-21 at 2.25.09 PM (1).jpeg
[240/645]    1seg  data/YS JAGAN_PRESSMEETS DATA/21_22.01.2026_RESURVEY_JAGANANNA BHU RAKSHA PASS BOOK_MANDA SALMAN MURDER/CONTENT/BABU APPADALU, CYCLE/WhatsApp Image 2026-01-21 at 2.25.09 PM (2).jpeg
[241/645]    1seg  data/YS JAGAN_PRESSMEETS DATA/21_22.01.2026_RESURVEY_JAGANANNA BHU RAKSHA PASS BOOK_MANDA SALMAN MURDER/CONTENT/BABU APPADALU, CYCLE/WhatsApp Image 2026-01-21 at 2.25.09 PM.jpeg
[242/645]    1seg  data/YS JAGAN_PRESSMEETS DATA/21_22.01.2026_RESURVEY_JAGANANNA BHU RAKSHA PASS BOOK_MANDA SALMAN MURDER/CONTENT/BABU APPADALU, CYCLE/WhatsApp Image 2026-01-21 at 2.25.10 PM (1).jpeg
[243/645]    1seg  data/YS JAGAN_PRESSMEETS DATA/21_22.01.2026_RESURVEY_JAGANANNA BHU RAKSHA PASS BOOK_MANDA SALMAN MURDER/CONTENT/BABU APPADALU, CYCLE/WhatsApp Image 2026-01-21 at 2.25.10 PM.jpeg
[244/645]    1seg  data/YS JAGAN_PRESSMEETS DATA/21_22.01.2026_RESURVEY_JAGANANNA BHU RAKSHA PASS BOOK_MANDA SALMAN MURDER/CONTENT/BABU APPADALU, CYCLE/WhatsApp Image 2026-01-21 at 2.25.11 PM (1).jpeg
[245/645]    1seg  data/YS JAGAN_PRESSMEETS DATA/21_22.01.2026_RESURVEY_JAGANANNA BHU RAKSHA PASS BOOK_MANDA SALMAN MURDER/CONTENT/BABU APPADALU, CYCLE/WhatsApp Image 2026-01-21 at 2.25.11 PM.jpeg
[246/645]    1seg  data/YS JAGAN_PRESSMEETS DATA/21_22.01.2026_RESURVEY_JAGANANNA BHU RAKSHA PASS BOOK_MANDA SALMAN MURDER/CONTENT/BABU APPADALU, CYCLE/WhatsApp Image 2026-01-21 at 2.51.44 PM.jpeg
[247/645]    1seg  data/YS JAGAN_PRESSMEETS DATA/21_22.01.2026_RESURVEY_JAGANANNA BHU RAKSHA PASS BOOK_MANDA SALMAN MURDER/CONTENT/BABU APPADALU, CYCLE/WhatsApp Image 2026-01-21 at 3.00.46 PM.jpeg
[248/645]    1seg  data/YS JAGAN_PRESSMEETS DATA/21_22.01.2026_RESURVEY_JAGANANNA BHU RAKSHA PASS BOOK_MANDA SALMAN MURDER/CONTENT/BABU APPADALU, CYCLE/WhatsApp Image 2026-01-21 at 3.02.11 PM.jpeg
[249/645]    1seg  data/YS JAGAN_PRESSMEETS DATA/21_22.01.2026_RESURVEY_JAGANANNA BHU RAKSHA PASS BOOK_MANDA SALMAN MURDER/CONTENT/BABU APPADALU, CYCLE/WhatsApp Image 2026-01-21 at 3.03.00 PM.jpeg
[250/645]    1seg  data/YS JAGAN_PRESSMEETS DATA/21_22.01.2026_RESURVEY_JAGANANNA BHU RAKSHA PASS BOOK_MANDA SALMAN MURDER/CONTENT/BABU APPADALU, CYCLE/WhatsApp Image 2026-01-21 at 3.04.44 PM.jpeg
[251/645]    1seg  data/YS JAGAN_PRESSMEETS DATA/21_22.01.2026_RESURVEY_JAGANANNA BHU RAKSHA PASS BOOK_MANDA SALMAN MURDER/CONTENT/BABU APPADALU, CYCLE/WhatsApp Image 2026-01-21 at 3.08.37 PM.jpeg
[252/645]    1seg  data/YS JAGAN_PRESSMEETS DATA/21_22.01.2026_RESURVEY_JAGANANNA BHU RAKSHA PASS BOOK_MANDA SALMAN MURDER/CONTENT/BABU APPADALU, CYCLE/WhatsApp Image 2026-01-21 at 3.10.10 PM.jpeg
[253/645]    1seg  data/YS JAGAN_PRESSMEETS DATA/21_22.01.2026_RESURVEY_JAGANANNA BHU RAKSHA PASS BOOK_MANDA SALMAN MURDER/CONTENT/BABU APPADALU, CYCLE/WhatsApp Image 2026-01-21 at 3.21.01 PM.jpeg
[254/645]    1seg  data/YS JAGAN_PRESSMEETS DATA/21_22.01.2026_RESURVEY_JAGANANNA BHU RAKSHA PASS BOOK_MANDA SALMAN MURDER/CONTENT/BABU APPADALU, CYCLE/గుంటూరు రూరల్ మండలం వెంగళయపాలెం ప్రధాన రహదారి మధ్య ఉన్న డివైడర్‌కు జనసేన పార్టీ రంగులు.jpeg
[255/645]    1seg  data/YS JAGAN_PRESSMEETS DATA/21_22.01.2026_RESURVEY_JAGANANNA BHU RAKSHA PASS BOOK_MANDA SALMAN MURDER/CONTENT/PattapassBookOld.pdf
[256/645]    1seg  data/YS JAGAN_PRESSMEETS DATA/21_22.01.2026_RESURVEY_JAGANANNA BHU RAKSHA PASS BOOK_MANDA SALMAN MURDER/CONTENT/PattapassbookNew.pdf
[257/645]    1seg  data/YS JAGAN_PRESSMEETS DATA/21_22.01.2026_RESURVEY_JAGANANNA BHU RAKSHA PASS BOOK_MANDA SALMAN MURDER/CONTENT/SURVEY STONES/WhatsApp Image 2026-01-21 at 12.43.15 PM (1).jpeg
[258/645]    1seg  data/YS JAGAN_PRESSMEETS DATA/21_22.01.2026_RESURVEY_JAGANANNA BHU RAKSHA PASS BOOK_MANDA SALMAN MURDER/CONTENT/SURVEY STONES/WhatsApp Image 2026-01-21 at 12.43.15 PM (2).jpeg
[259/645]    1seg  data/YS JAGAN_PRESSMEETS DATA/21_22.01.2026_RESURVEY_JAGANANNA BHU RAKSHA PASS BOOK_MANDA SALMAN MURDER/CONTENT/SURVEY STONES/WhatsApp Image 2026-01-21 at 12.43.15 PM (3).jpeg
[260/645]    1seg  data/YS JAGAN_PRESSMEETS DATA/21_22.01.2026_RESURVEY_JAGANANNA BHU RAKSHA PASS BOOK_MANDA SALMAN MURDER/CONTENT/SURVEY STONES/WhatsApp Image 2026-01-21 at 12.43.15 PM.jpeg
[261/645]    1seg  data/YS JAGAN_PRESSMEETS DATA/21_22.01.2026_RESURVEY_JAGANANNA BHU RAKSHA PASS BOOK_MANDA SALMAN MURDER/CONTENT/SURVEY STONES/WhatsApp Image 2026-01-21 at 12.43.16 PM.jpeg
[262/645]    1seg  data/YS JAGAN_PRESSMEETS DATA/21_22.01.2026_RESURVEY_JAGANANNA BHU RAKSHA PASS BOOK_MANDA SALMAN MURDER/CONTENT/SURVEY STONES/WhatsApp Image 2026-01-21 at 12.51.04 PM.jpeg
[263/645]    1seg  data/YS JAGAN_PRESSMEETS DATA/21_22.01.2026_RESURVEY_JAGANANNA BHU RAKSHA PASS BOOK_MANDA SALMAN MURDER/CONTENT/SURVEY STONES/WhatsApp Image 2026-01-21 at 12.51.06 PM.jpeg
[264/645]    1seg  data/YS JAGAN_PRESSMEETS DATA/21_22.01.2026_RESURVEY_JAGANANNA BHU RAKSHA PASS BOOK_MANDA SALMAN MURDER/CONTENT/SURVEY STONES/WhatsApp Image 2026-01-21 at 12.51.07 PM.jpeg
[265/645]    1seg  data/YS JAGAN_PRESSMEETS DATA/21_22.01.2026_RESURVEY_JAGANANNA BHU RAKSHA PASS BOOK_MANDA SALMAN MURDER/CONTENT/Screenshot 2026-01-21 190501 (1).png
[266/645]    2seg  data/YS JAGAN_PRESSMEETS DATA/21_22.01.2026_RESURVEY_JAGANANNA BHU RAKSHA PASS BOOK_MANDA SALMAN MURDER/CONTENT/Sri YSJ press meet 22nd Jan 2026.pptx
[267/645]    1seg  data/YS JAGAN_PRESSMEETS DATA/21_22.01.2026_RESURVEY_JAGANANNA BHU RAKSHA PASS BOOK_MANDA SALMAN MURDER/CONTENT/WhatsApp Image 2026-01-21 at 6.43.35 PM (1).jpeg
[268/645]    1seg  data/YS JAGAN_PRESSMEETS DATA/21_22.01.2026_RESURVEY_JAGANANNA BHU RAKSHA PASS BOOK_MANDA SALMAN MURDER/CONTENT/WhatsApp Image 2026-01-22 at 6.29.23 AM (1).jpeg
[269/645]    1seg  data/YS JAGAN_PRESSMEETS DATA/21_22.01.2026_RESURVEY_JAGANANNA BHU RAKSHA PASS BOOK_MANDA SALMAN MURDER/CONTENT/WhatsApp Image 2026-01-22 at 6.29.23 AM.jpeg
[270/645]    1seg  data/YS JAGAN_PRESSMEETS DATA/21_22.01.2026_RESURVEY_JAGANANNA BHU RAKSHA PASS BOOK_MANDA SALMAN MURDER/CONTENT/WhatsApp Image 2026-01-22 at 6.29.24 AM.jpeg
[271/645]    1seg  data/YS JAGAN_PRESSMEETS DATA/21_22.01.2026_RESURVEY_JAGANANNA BHU RAKSHA PASS BOOK_MANDA SALMAN MURDER/CONTENT/WhatsApp Image 2026-01-22 at 6.33.43 AM.jpeg
[272/645]    1seg  data/YS JAGAN_PRESSMEETS DATA/21_22.01.2026_RESURVEY_JAGANANNA BHU RAKSHA PASS BOOK_MANDA SALMAN MURDER/CONTENT/WhatsApp Image 2026-01-22 at 6.40.21 PM.jpeg
[273/645]    1seg  data/YS JAGAN_PRESSMEETS DATA/21_22.01.2026_RESURVEY_JAGANANNA BHU RAKSHA PASS BOOK_MANDA SALMAN MURDER/CONTENT/WhatsApp Image 2026-01-22 at 6.40.22 PM.jpeg
[274/645]    1seg  data/YS JAGAN_PRESSMEETS DATA/21_22.01.2026_RESURVEY_JAGANANNA BHU RAKSHA PASS BOOK_MANDA SALMAN MURDER/CONTENT/WhatsApp Image 2026-01-22 at 6.44.12 AM.jpeg
[275/645]    1seg  data/YS JAGAN_PRESSMEETS DATA/21_22.01.2026_RESURVEY_JAGANANNA BHU RAKSHA PASS BOOK_MANDA SALMAN MURDER/CONTENT/WhatsApp Image 2026-01-22 at 6.53.05 AM.jpeg
[276/645]    1seg  data/YS JAGAN_PRESSMEETS DATA/21_22.01.2026_RESURVEY_JAGANANNA BHU RAKSHA PASS BOOK_MANDA SALMAN MURDER/YS Jagan PC - Full Copy - 22.01.2026.docx
[277/645]   36seg  data/YS JAGAN_PRESSMEETS DATA/21_22.01.2026_RESURVEY_JAGANANNA BHU RAKSHA PASS BOOK_MANDA SALMAN MURDER/YS Jagan PC Full Copy PDF - 22.01.2026.pdf
[278/645]   20seg  data/YS JAGAN_PRESSMEETS DATA/22_19.02.2026_BUDGET 2026-27, LADDU HERITAGE INDHAPUR, BHOLEBABA/PAPER PDF_S/చైతన్యరథం 20-02-2026.pdf
[279/645]   44seg  data/YS JAGAN_PRESSMEETS DATA/22_19.02.2026_BUDGET 2026-27, LADDU HERITAGE INDHAPUR, BHOLEBABA/PRESS RELEASES/Jagan Sir - PC - Final - Copy.pdf
[280/645]   16seg  data/YS JAGAN_PRESSMEETS DATA/22_19.02.2026_BUDGET 2026-27, LADDU HERITAGE INDHAPUR, BHOLEBABA/PRESS RELEASES/Jagan Sir - PC - Final - Part-1.pdf
[281/645]   22seg  data/YS JAGAN_PRESSMEETS DATA/22_19.02.2026_BUDGET 2026-27, LADDU HERITAGE INDHAPUR, BHOLEBABA/PRESS RELEASES/Jagan Sir - PC - Final - Part-2.pdf
[282/645]    1seg  data/YS JAGAN_PRESSMEETS DATA/22_19.02.2026_BUDGET 2026-27, LADDU HERITAGE INDHAPUR, BHOLEBABA/PRESS RELEASES/YS Jagan PC - Final.docx
[283/645]    1seg  data/YS JAGAN_PRESSMEETS DATA/22_19.02.2026_BUDGET 2026-27, LADDU HERITAGE INDHAPUR, BHOLEBABA/PRESS RELEASES/YS Jagan PC - Part 1.docx
[284/645]    1seg  data/YS JAGAN_PRESSMEETS DATA/22_19.02.2026_BUDGET 2026-27, LADDU HERITAGE INDHAPUR, BHOLEBABA/PRESS RELEASES/YS Jagan PC - Part 2.docx
[285/645]   55seg  data/YS JAGAN_PRESSMEETS DATA/22_19.02.2026_BUDGET 2026-27, LADDU HERITAGE INDHAPUR, BHOLEBABA/SOURCE FILES/PPT for 233 & 234 SLBC Meeting.pptx
[286/645]    1seg  data/YS JAGAN_PRESSMEETS DATA/22_19.02.2026_BUDGET 2026-27, LADDU HERITAGE INDHAPUR, BHOLEBABA/SOURCE FILES/SUCIDES-artguru.png
[287/645]    1seg  data/YS JAGAN_PRESSMEETS DATA/22_19.02.2026_BUDGET 2026-27, LADDU HERITAGE INDHAPUR, BHOLEBABA/SOURCE FILES/SUCIDES.jpg
[288/645]    1seg  data/YS JAGAN_PRESSMEETS DATA/22_19.02.2026_BUDGET 2026-27, LADDU HERITAGE INDHAPUR, BHOLEBABA/SOURCE FILES/Salaries slide.pdf
[289/645]    9seg  data/YS JAGAN_PRESSMEETS DATA/22_19.02.2026_BUDGET 2026-27, LADDU HERITAGE INDHAPUR, BHOLEBABA/SOURCE FILES/Sri YSJ press meet slides I - 19022026.pptx
[290/645]    9seg  data/YS JAGAN_PRESSMEETS DATA/22_19.02.2026_BUDGET 2026-27, LADDU HERITAGE INDHAPUR, BHOLEBABA/SOURCE FILES/Sri YSJ press meet slides II - 19022026.pptx
[291/645]    1seg  data/YS JAGAN_PRESSMEETS DATA/22_19.02.2026_BUDGET 2026-27, LADDU HERITAGE INDHAPUR, BHOLEBABA/SOURCE FILES/WhatsApp Image 2026-02-18 at 11.23.47 AM.jpeg
[292/645]   30seg  data/YS JAGAN_PRESSMEETS DATA/22_19.02.2026_BUDGET 2026-27, LADDU HERITAGE INDHAPUR, BHOLEBABA/SRI YS JAGAN PC_19.02.2026 FINAL PRESENTATION.pdf
[293/645]    1seg  data/YS JAGAN_PRESSMEETS DATA/22_19.02.2026_BUDGET 2026-27, LADDU HERITAGE INDHAPUR, BHOLEBABA/TIRUMALA HILLS, GO_s ISSUE_CBN.mp4
[294/645]    1seg  data/YS JAGAN_PRESSMEETS DATA/22_19.02.2026_BUDGET 2026-27, LADDU HERITAGE INDHAPUR, BHOLEBABA/VIDEOS_BABUHAMIES/1. CBN_FREEBIEES_EKKUVA ESTA.mp4
[295/645]    1seg  data/YS JAGAN_PRESSMEETS DATA/22_19.02.2026_BUDGET 2026-27, LADDU HERITAGE INDHAPUR, BHOLEBABA/VIDEOS_BABUHAMIES/CBN-50Y.jpg
[296/645]    1seg  data/YS JAGAN_PRESSMEETS DATA/22_19.02.2026_BUDGET 2026-27, LADDU HERITAGE INDHAPUR, BHOLEBABA/YS Jagan PC - Final.docx
[297/645]   14seg  data/YS JAGAN_PRESSMEETS DATA/22_19.02.2026_BUDGET 2026-27, LADDU HERITAGE INDHAPUR, BHOLEBABA/laddu controversy_19-02-2026 - TEL.pdf
[298/645]   14seg  data/YS JAGAN_PRESSMEETS DATA/23_11.03.2026_BUDGET 2026-27, CAG REPORTS,  STATE FINANCE, TIRUMALA ISSUES/SOURCE FILE/1.TOPIC_SRI YS JAGAN PC_11-03-2026.pdf
[299/645]    1seg  data/YS JAGAN_PRESSMEETS DATA/23_11.03.2026_BUDGET 2026-27, CAG REPORTS,  STATE FINANCE, TIRUMALA ISSUES/SOURCE FILE/2. TOPIC_TTD Laddu Ghee Rate Manipulation (1).pdf
[300/645]    1seg  data/YS JAGAN_PRESSMEETS DATA/23_11.03.2026_BUDGET 2026-27, CAG REPORTS,  STATE FINANCE, TIRUMALA ISSUES/SOURCE FILE/PRICE STABILIZATION YSRCP REGIME (1).pdf
[301/645]    1seg  data/YS JAGAN_PRESSMEETS DATA/23_11.03.2026_BUDGET 2026-27, CAG REPORTS,  STATE FINANCE, TIRUMALA ISSUES/SOURCE FILE/SUPERSIX_TDP ADVT (1).pdf
[302/645]   16seg  data/YS JAGAN_PRESSMEETS DATA/23_11.03.2026_BUDGET 2026-27, CAG REPORTS,  STATE FINANCE, TIRUMALA ISSUES/SRI YS JAGAN PC_11-03-2026_FINAL.pdf
[303/645]    1seg  data/YS JAGAN_PRESSMEETS DATA/23_11.03.2026_BUDGET 2026-27, CAG REPORTS,  STATE FINANCE, TIRUMALA ISSUES/YS Jagan PC - 11.03.2026.docx
[304/645]   27seg  data/YS JAGAN_PRESSMEETS DATA/24_01.04.2026_CAPITAL MAVIGUN_AMARAVTI CAPITAL SCAM/New folder/Jagan Sir PC - Final.pdf
[305/645]    1seg  data/YS JAGAN_PRESSMEETS DATA/24_01.04.2026_CAPITAL MAVIGUN_AMARAVTI CAPITAL SCAM/New folder/Jagan Sir PC - Final_01042026.docx
[306/645]    1seg  data/YS JAGAN_PRESSMEETS DATA/24_01.04.2026_CAPITAL MAVIGUN_AMARAVTI CAPITAL SCAM/New folder/Presentation of Sri YSJ - 01042026 - R2.pdf
[307/645]    1seg  data/YS JAGAN_PRESSMEETS DATA/24_01.04.2026_CAPITAL MAVIGUN_AMARAVTI CAPITAL SCAM/Vijayawada_DC_02-04-2026.pdf
[308/645]   12seg  data/YS JAGAN_PRESSMEETS DATA/24_01.04.2026_CAPITAL MAVIGUN_AMARAVTI CAPITAL SCAM/Vijayawada_NIE_02-04-2026.pdf
[309/645]    3seg  data/YS JAGAN_PRESSMEETS DATA/25_21.05.2026_AMARAVATHI_MAVIGUN_CRIMINALPOLITICS_PETROL_BOTHRN_TSAME/FILES/Daggubati Venkateswara Rao_CBN POLITICS.mp4
[310/645]    1seg  data/YS JAGAN_PRESSMEETS DATA/25_21.05.2026_AMARAVATHI_MAVIGUN_CRIMINALPOLITICS_PETROL_BOTHRN_TSAME/FILES/Recalling Chandrababu_s manifesto 21-05-2026.pdf
[311/645]    1seg  data/YS JAGAN_PRESSMEETS DATA/25_21.05.2026_AMARAVATHI_MAVIGUN_CRIMINALPOLITICS_PETROL_BOTHRN_TSAME/FILES/tdp advt eenadu advt.pdf
[312/645]   39seg  data/YS JAGAN_PRESSMEETS DATA/25_21.05.2026_AMARAVATHI_MAVIGUN_CRIMINALPOLITICS_PETROL_BOTHRN_TSAME/Jagan Sir - PC Final.pdf
[313/645]    2seg  data/YS JAGAN_PRESSMEETS DATA/25_21.05.2026_AMARAVATHI_MAVIGUN_CRIMINALPOLITICS_PETROL_BOTHRN_TSAME/Sri YSJ PM 21052026_New High Court Construction_ROADHIGHWAYS.pptx
[314/645]    1seg  data/YS JAGAN_PRESSMEETS DATA/25_21.05.2026_AMARAVATHI_MAVIGUN_CRIMINALPOLITICS_PETROL_BOTHRN_TSAME/YS Jagan PC Final - 21.05.2026.docx
[315/645]   12seg  data/YS JAGAN_PRESSMEETS DATA/26_11.06.2026_TDP_DSC_SCAM_CockroachParty/11-06-2026_JAGAN SIR PC FINAL.pdf
[316/645]    1seg  data/YS JAGAN_PRESSMEETS DATA/26_11.06.2026_TDP_DSC_SCAM_CockroachParty/DSC_SCAM_SAKSHI/1.Mega DSC Rejoinder_25052026.pdf
[317/645]    1seg  data/YS JAGAN_PRESSMEETS DATA/26_11.06.2026_TDP_DSC_SCAM_CockroachParty/DSC_SCAM_SAKSHI/2.SAKSHI_REJOINDER_31.5.26_F2.pdf
[318/645]    1seg  data/YS JAGAN_PRESSMEETS DATA/26_11.06.2026_TDP_DSC_SCAM_CockroachParty/DSC_SCAM_SAKSHI/34994 (1).pdf
[319/645]    1seg  data/YS JAGAN_PRESSMEETS DATA/26_11.06.2026_TDP_DSC_SCAM_CockroachParty/DSC_SCAM_SAKSHI/3p horizontal go.pdf
[320/645]  120seg  data/YS JAGAN_PRESSMEETS DATA/26_11.06.2026_TDP_DSC_SCAM_CockroachParty/DSC_SCAM_SAKSHI/APMDSC_SA(NL) - SOCIAL STUDIES_KRISHNA_meritlist.pdf
[321/645]    1seg  data/YS JAGAN_PRESSMEETS DATA/26_11.06.2026_TDP_DSC_SCAM_CockroachParty/DSC_SCAM_SAKSHI/Call Letter (1).pdf
[322/645]    1seg  data/YS JAGAN_PRESSMEETS DATA/26_11.06.2026_TDP_DSC_SCAM_CockroachParty/DSC_SCAM_SAKSHI/Call Letter ADIREDDY VENKATARAO.pdf
[323/645]    1seg  data/YS JAGAN_PRESSMEETS DATA/26_11.06.2026_TDP_DSC_SCAM_CockroachParty/DSC_SCAM_SAKSHI/Call letter_1.pdf
[324/645]    1seg  data/YS JAGAN_PRESSMEETS DATA/26_11.06.2026_TDP_DSC_SCAM_CockroachParty/DSC_SCAM_SAKSHI/CallLetter (1).pdf
[325/645]    1seg  data/YS JAGAN_PRESSMEETS DATA/26_11.06.2026_TDP_DSC_SCAM_CockroachParty/DSC_SCAM_SAKSHI/CallLetter.pdf
[326/645]   19seg  data/YS JAGAN_PRESSMEETS DATA/26_11.06.2026_TDP_DSC_SCAM_CockroachParty/DSC_SCAM_SAKSHI/DOC-20260520- Sports Policy 2024-29_ Implementation of three percent horizontal reservation.pdf
[327/645]    1seg  data/YS JAGAN_PRESSMEETS DATA/26_11.06.2026_TDP_DSC_SCAM_CockroachParty/DSC_SCAM_SAKSHI/DSC 2025 -Facts note.pdf
[328/645]    1seg  data/YS JAGAN_PRESSMEETS DATA/26_11.06.2026_TDP_DSC_SCAM_CockroachParty/DSC_SCAM_SAKSHI/DSC BACKDOOR PROCESS_WHATSAPPCALL_CASE (1).jpeg
[329/645]    1seg  data/YS JAGAN_PRESSMEETS DATA/26_11.06.2026_TDP_DSC_SCAM_CockroachParty/DSC_SCAM_SAKSHI/DSC BACKDOOR PROCESS_WHATSAPPCALL_CASE (2).jpeg
[330/645]    1seg  data/YS JAGAN_PRESSMEETS DATA/26_11.06.2026_TDP_DSC_SCAM_CockroachParty/DSC_SCAM_SAKSHI/DSC BACKDOOR PROCESS_WHATSAPPCALL_CASE (3).jpeg
[331/645]     ERR  data/YS JAGAN_PRESSMEETS DATA/26_11.06.2026_TDP_DSC_SCAM_CockroachParty/DSC_SCAM_SAKSHI/DSC GO 31-05-26.RTF.doc
[332/645]    4seg  data/YS JAGAN_PRESSMEETS DATA/26_11.06.2026_TDP_DSC_SCAM_CockroachParty/DSC_SCAM_SAKSHI/DSC_Ajay Jain, IAS_01062026.mp4
[333/645]    1seg  data/YS JAGAN_PRESSMEETS DATA/26_11.06.2026_TDP_DSC_SCAM_CockroachParty/DSC_SCAM_SAKSHI/Department of School Education_26052026.pdf
[334/645]    5seg  data/YS JAGAN_PRESSMEETS DATA/26_11.06.2026_TDP_DSC_SCAM_CockroachParty/DSC_SCAM_SAKSHI/JY7WDoRS-K5Xom6u.mp4
[335/645]    6seg  data/YS JAGAN_PRESSMEETS DATA/26_11.06.2026_TDP_DSC_SCAM_CockroachParty/DSC_SCAM_SAKSHI/Naveen Issue - IAS Kona Sasidhar Press Meet 30.05.2026.mp4
[336/645]   68seg  data/YS JAGAN_PRESSMEETS DATA/26_11.06.2026_TDP_DSC_SCAM_CockroachParty/DSC_SCAM_SAKSHI/Naveen social school assistant record.pdf
[337/645]    1seg  data/YS JAGAN_PRESSMEETS DATA/26_11.06.2026_TDP_DSC_SCAM_CockroachParty/DSC_SCAM_SAKSHI/New folder/DSC ROSAIAH_CALL_1.jpeg
[338/645]    1seg  data/YS JAGAN_PRESSMEETS DATA/26_11.06.2026_TDP_DSC_SCAM_CockroachParty/DSC_SCAM_SAKSHI/New folder/DSC_SCAM_2026.docx
[339/645]    1seg  data/YS JAGAN_PRESSMEETS DATA/26_11.06.2026_TDP_DSC_SCAM_CockroachParty/DSC_SCAM_SAKSHI/New folder/అంతర్_ జిల్లా క్రీడా సర్టిఫికెట్_తో టీచర్_ పోస్టా.docx
[340/645]    1seg  data/YS JAGAN_PRESSMEETS DATA/26_11.06.2026_TDP_DSC_SCAM_CockroachParty/DSC_SCAM_SAKSHI/New folder/అక్రమాలు దిట్ట -పగిలిన పుట్ట.docx
[341/645]    1seg  data/YS JAGAN_PRESSMEETS DATA/26_11.06.2026_TDP_DSC_SCAM_CockroachParty/DSC_SCAM_SAKSHI/New folder/అర్హులను తొక్కేసి అడ్డగోలు  డ్రామాలు.docx
[342/645]    1seg  data/YS JAGAN_PRESSMEETS DATA/26_11.06.2026_TDP_DSC_SCAM_CockroachParty/DSC_SCAM_SAKSHI/New folder/కోర్టు చెబితే ఇచ్చేయాలా.docx
[343/645]    1seg  data/YS JAGAN_PRESSMEETS DATA/26_11.06.2026_TDP_DSC_SCAM_CockroachParty/DSC_SCAM_SAKSHI/New folder/ఖేల్ ఖతం.docx
[344/645]    1seg  data/YS JAGAN_PRESSMEETS DATA/26_11.06.2026_TDP_DSC_SCAM_CockroachParty/DSC_SCAM_SAKSHI/New folder/చేతికి వచ్చి చేజారిన పోస్టు సారూ ..తారూమారు.docx
[345/645]    1seg  data/YS JAGAN_PRESSMEETS DATA/26_11.06.2026_TDP_DSC_SCAM_CockroachParty/DSC_SCAM_SAKSHI/New folder/జీవో ఒకలా అమలు ఇంకోలా.docx
[346/645]    1seg  data/YS JAGAN_PRESSMEETS DATA/26_11.06.2026_TDP_DSC_SCAM_CockroachParty/DSC_SCAM_SAKSHI/New folder/డీఎస్సీలో కప్పిపుచ్చుకునే గేమ్స్.docx
[347/645]    1seg  data/YS JAGAN_PRESSMEETS DATA/26_11.06.2026_TDP_DSC_SCAM_CockroachParty/DSC_SCAM_SAKSHI/New folder/డీమెరిట్ డీఎస్సీ.docx
[348/645]    1seg  data/YS JAGAN_PRESSMEETS DATA/26_11.06.2026_TDP_DSC_SCAM_CockroachParty/DSC_SCAM_SAKSHI/New folder/తప్పుపై తప్పు స్పోర్ట్స్ డీఎస్సీ మాకు తెలియదు.docx
[349/645]    1seg  data/YS JAGAN_PRESSMEETS DATA/26_11.06.2026_TDP_DSC_SCAM_CockroachParty/DSC_SCAM_SAKSHI/New folder/తొలి సంతకం మెసం గురూ.docx
[350/645]    1seg  data/YS JAGAN_PRESSMEETS DATA/26_11.06.2026_TDP_DSC_SCAM_CockroachParty/DSC_SCAM_SAKSHI/New folder/మెగా డీల్ ఎస్సీ.docx
[351/645]    1seg  data/YS JAGAN_PRESSMEETS DATA/26_11.06.2026_TDP_DSC_SCAM_CockroachParty/DSC_SCAM_SAKSHI/New folder/సర్కారు ఉక్కిరిబిక్కిరి.docx
[352/645]    1seg  data/YS JAGAN_PRESSMEETS DATA/26_11.06.2026_TDP_DSC_SCAM_CockroachParty/DSC_SCAM_SAKSHI/New folder/సర్కారు.docx
[353/645]    1seg  data/YS JAGAN_PRESSMEETS DATA/26_11.06.2026_TDP_DSC_SCAM_CockroachParty/DSC_SCAM_SAKSHI/New folder/సెలక్షన్..అంతా కలెక్షన్.docx
[354/645]    1seg  data/YS JAGAN_PRESSMEETS DATA/26_11.06.2026_TDP_DSC_SCAM_CockroachParty/DSC_SCAM_SAKSHI/SAAP Legal Notice_SAKSHI.pdf
[355/645]    1seg  data/YS JAGAN_PRESSMEETS DATA/26_11.06.2026_TDP_DSC_SCAM_CockroachParty/DSC_SCAM_SAKSHI/SCAN_20260601_165414703.pdf
[356/645]    1seg  data/YS JAGAN_PRESSMEETS DATA/26_11.06.2026_TDP_DSC_SCAM_CockroachParty/DSC_SCAM_SAKSHI/WhatsApp Image 2026-06-08 at 11.38.08 AM (1).jpeg
[357/645]    1seg  data/YS JAGAN_PRESSMEETS DATA/26_11.06.2026_TDP_DSC_SCAM_CockroachParty/DSC_SCAM_SAKSHI/WhatsApp Image 2026-06-08 at 11.38.08 AM.jpeg
[358/645]    1seg  data/YS JAGAN_PRESSMEETS DATA/26_11.06.2026_TDP_DSC_SCAM_CockroachParty/DSC_SCAM_SAKSHI/WhatsApp Image 2026-06-08 at 11.54.49 AM.jpeg
[359/645]    1seg  data/YS JAGAN_PRESSMEETS DATA/26_11.06.2026_TDP_DSC_SCAM_CockroachParty/DSC_SCAM_SAKSHI/WhatsApp Image 2026-06-08 at 11.56.57 AM (2).jpeg
[360/645]    1seg  data/YS JAGAN_PRESSMEETS DATA/26_11.06.2026_TDP_DSC_SCAM_CockroachParty/DSC_SCAM_SAKSHI/WhatsApp Image 2026-06-08 at 11.57.52 AM.jpeg
[361/645]    1seg  data/YS JAGAN_PRESSMEETS DATA/26_11.06.2026_TDP_DSC_SCAM_CockroachParty/DSC_SCAM_SAKSHI/WhatsApp Image 2026-06-08 at 11.58.15 AM.jpeg
[362/645]    1seg  data/YS JAGAN_PRESSMEETS DATA/26_11.06.2026_TDP_DSC_SCAM_CockroachParty/DSC_SCAM_SAKSHI/__ AP DSC RECRUITMENT __(2).PDF
[363/645]    1seg  data/YS JAGAN_PRESSMEETS DATA/26_11.06.2026_TDP_DSC_SCAM_CockroachParty/DSC_SCAM_SAKSHI/call letter dsc.pdf
[364/645]    1seg  data/YS JAGAN_PRESSMEETS DATA/26_11.06.2026_TDP_DSC_SCAM_CockroachParty/DSC_SCAM_SAKSHI/call letter shaik naseemoon.pdf
[365/645]    1seg  data/YS JAGAN_PRESSMEETS DATA/26_11.06.2026_TDP_DSC_SCAM_CockroachParty/DSC_SCAM_SAKSHI/call letter sravankumar .pdf
[366/645]    1seg  data/YS JAGAN_PRESSMEETS DATA/26_11.06.2026_TDP_DSC_SCAM_CockroachParty/DSC_SCAM_SAKSHI/call letter.pdf
[367/645]    1seg  data/YS JAGAN_PRESSMEETS DATA/26_11.06.2026_TDP_DSC_SCAM_CockroachParty/DSC_SCAM_SAKSHI/display_pdf.pdf
[368/645]    1seg  data/YS JAGAN_PRESSMEETS DATA/26_11.06.2026_TDP_DSC_SCAM_CockroachParty/DSC_SCAM_SAKSHI/dsc_FAKE NEWS.jpg
[369/645]    1seg  data/YS JAGAN_PRESSMEETS DATA/26_11.06.2026_TDP_DSC_SCAM_CockroachParty/DSC_SCAM_SAKSHI/naveen hicourt meorandum.jpeg
[370/645]    1seg  data/YS JAGAN_PRESSMEETS DATA/26_11.06.2026_TDP_DSC_SCAM_CockroachParty/DSC_SCAM_SAKSHI/verification Call Letter_GOVINDHU PRIYANKA.pdf
[371/645]   41seg  data/YS JAGAN_PRESSMEETS DATA/26_11.06.2026_TDP_DSC_SCAM_CockroachParty/ORIGINAL COPIES/2024YATC_34564_MS18.pdf
[372/645]   16seg  data/YS JAGAN_PRESSMEETS DATA/26_11.06.2026_TDP_DSC_SCAM_CockroachParty/ORIGINAL COPIES/2025YATC_MS4_E.pdf
[373/645]    1seg  data/YS JAGAN_PRESSMEETS DATA/26_11.06.2026_TDP_DSC_SCAM_CockroachParty/ORIGINAL COPIES/2026REV_39934_MS23_E.pdf
[374/645]    1seg  data/YS JAGAN_PRESSMEETS DATA/26_11.06.2026_TDP_DSC_SCAM_CockroachParty/ORIGINAL COPIES/2026REV_39938_MS22_E.pdf
[375/645]   19seg  data/YS JAGAN_PRESSMEETS DATA/26_11.06.2026_TDP_DSC_SCAM_CockroachParty/ORIGINAL COPIES/2026YATC_41749_MS25_E.pdf
[376/645]    1seg  data/YS JAGAN_PRESSMEETS DATA/26_11.06.2026_TDP_DSC_SCAM_CockroachParty/ORIGINAL COPIES/2026YATC_41752_MS23_E.pdf
[377/645]   13seg  data/YS JAGAN_PRESSMEETS DATA/26_11.06.2026_TDP_DSC_SCAM_CockroachParty/ORIGINAL COPIES/DOC-20260528-WA0013..pdf
[378/645]    1seg  data/YS JAGAN_PRESSMEETS DATA/26_11.06.2026_TDP_DSC_SCAM_CockroachParty/ORIGINAL COPIES/FIR.pdf
[379/645]    1seg  data/YS JAGAN_PRESSMEETS DATA/26_11.06.2026_TDP_DSC_SCAM_CockroachParty/ORIGINAL COPIES/G_O_Ms_No.56.pdf
[380/645]    1seg  data/YS JAGAN_PRESSMEETS DATA/26_11.06.2026_TDP_DSC_SCAM_CockroachParty/PAPER PDF_S/Vijayawada_DC_12-06-2026.pdf
[381/645]   14seg  data/YS JAGAN_PRESSMEETS DATA/26_11.06.2026_TDP_DSC_SCAM_CockroachParty/PAPER PDF_S/Vijayawada_NIE_12-06-2026.pdf
[382/645]    3seg  data/YS JAGAN_PRESSMEETS DATA/26_11.06.2026_TDP_DSC_SCAM_CockroachParty/Sri YSJ press meet slides - 11062026.pptx
[383/645]    1seg  data/YS JAGAN_PRESSMEETS DATA/26_11.06.2026_TDP_DSC_SCAM_CockroachParty/YS Jagan PC - 11.06.2026.docx
[384/645]   15seg  data/YS JAGAN_PRESSMEETS DATA/27_01.07.2026_Next Election_MAVIGUN vs AMARAVATI/01-07-2026_JAGAN SIR PC FINAL.pdf
[385/645]    1seg  data/YS JAGAN_PRESSMEETS DATA/27_01.07.2026_Next Election_MAVIGUN vs AMARAVATI/01-07-2026_PRAJA SANKALPAM BULLETIN.pdf
[386/645]    1seg  data/YS JAGAN_PRESSMEETS DATA/27_01.07.2026_Next Election_MAVIGUN vs AMARAVATI/Jagan Sir - PC - 1st.Jul.26.rtf.doc.docx
[387/645]   20seg  data/YS JAGAN_PRESSMEETS DATA/27_01.07.2026_Next Election_MAVIGUN vs AMARAVATI/SOURCE FILE/01-07-2026_JAGAN SIR PC FINAL (1).pdf
[388/645]    1seg  data/YS JAGAN_PRESSMEETS DATA/27_01.07.2026_Next Election_MAVIGUN vs AMARAVATI/SOURCE FILE/CHRISTAIN_RESOLUTION.pdf
[389/645]    1seg  data/YS JAGAN_PRESSMEETS DATA/27_01.07.2026_Next Election_MAVIGUN vs AMARAVATI/SOURCE FILE/ORIGINAL VIDEOS/WhatsApp Video 2026-07-01 at 10.32.27 AM.mp4
[390/645]   10seg  data/YS JAGAN_PRESSMEETS DATA/27_01.07.2026_Next Election_MAVIGUN vs AMARAVATI/SOURCE FILE/Sri YSJ press meet slides - 1st July 2026.pptx
[391/645]    1seg  data/YS JAGAN_PRESSMEETS DATA/27_01.07.2026_Next Election_MAVIGUN vs AMARAVATI/SOURCE FILE/WhatsApp Image 2026-07-01 at 9.21.26 AM.jpeg
[392/645]   12seg  data/YS JAGAN_PRESSMEETS DATA/27_01.07.2026_Next Election_MAVIGUN vs AMARAVATI/Vijayawada_NIE_02-07-2026.pdf
[393/645]    1seg  data/YS JAGAN_PRESSMEETS DATA/2_26.07.2024_TDP WHITE PAPERS/PRESS RELEASE.docx
[394/645]   19seg  data/YS JAGAN_PRESSMEETS DATA/2_26.07.2024_TDP WHITE PAPERS/Presentation July 2024 for media.pdf
[395/645]    1seg  data/YS JAGAN_PRESSMEETS DATA/2_26.07.2024_TDP WHITE PAPERS/YS Jagan PC  Vinukonda Hatya sak 27072024.jpeg
[396/645]    1seg  data/YS JAGAN_PRESSMEETS DATA/2_26.07.2024_TDP WHITE PAPERS/YS Jagan PC Kalisi Vache Partys lo Poratam sak27072024.jpeg
[397/645]    1seg  data/YS JAGAN_PRESSMEETS DATA/2_26.07.2024_TDP WHITE PAPERS/YS Jagan PC Madhyeam White Paper sak 27072024.jpeg
[398/645]    1seg  data/YS JAGAN_PRESSMEETS DATA/2_26.07.2024_TDP WHITE PAPERS/YS Jagan PC PolaVaram Mapi Nimdhala sak 27072024.jpeg
[399/645]    1seg  data/YS JAGAN_PRESSMEETS DATA/2_26.07.2024_TDP WHITE PAPERS/YS Jagan PC RedBook Red Rool sak 27072024.jpeg
[400/645]    1seg  data/YS JAGAN_PRESSMEETS DATA/2_26.07.2024_TDP WHITE PAPERS/YS Jagan Polavaram babu white Paper sak 27072024.jpeg
[401/645]    1seg  data/YS JAGAN_PRESSMEETS DATA/2_26.07.2024_TDP WHITE PAPERS/YS Jagan Press Meet babu white Papers  sak 27072024 (2).jpeg
[402/645]    1seg  data/YS JAGAN_PRESSMEETS DATA/2_26.07.2024_TDP WHITE PAPERS/YS Jagan Press Meet babu white Papers  sak 27072024.jpeg
[403/645]    1seg  data/YS JAGAN_PRESSMEETS DATA/2_26.07.2024_TDP WHITE PAPERS/YS Jagan Press Meet babu white Papers Madheyeam  sak 27072024.jpg
[404/645]    1seg  data/YS JAGAN_PRESSMEETS DATA/3_20.09.2024_TTD LADDU ISSUE/PRESS RELEASE.docx
[405/645]    1seg  data/YS JAGAN_PRESSMEETS DATA/3_20.09.2024_TTD LADDU ISSUE/TTD/21092024_THE Print_TTD_EO_Statement_1.jpeg
[406/645]    1seg  data/YS JAGAN_PRESSMEETS DATA/3_20.09.2024_TTD LADDU ISSUE/TTD/21092024_THE Print_TTD_EO_Statement_2.jpeg
[407/645]    1seg  data/YS JAGAN_PRESSMEETS DATA/3_20.09.2024_TTD LADDU ISSUE/TTD/23092024_Adulterated ghee not used TTD_Deccan Herald_1.jpeg
[408/645]    1seg  data/YS JAGAN_PRESSMEETS DATA/3_20.09.2024_TTD LADDU ISSUE/TTD/23092024_Adulterated ghee not used TTD_Deccan Herald_2.jpeg
[409/645]    1seg  data/YS JAGAN_PRESSMEETS DATA/3_20.09.2024_TTD LADDU ISSUE/TTD/4.CBN_TankersUSE_22092024.mp4
[410/645]    1seg  data/YS JAGAN_PRESSMEETS DATA/3_20.09.2024_TTD LADDU ISSUE/TTD/BID-010961-TN02BA9459 (4).PDF
[411/645]    1seg  data/YS JAGAN_PRESSMEETS DATA/3_20.09.2024_TTD LADDU ISSUE/TTD/BID-011161-AB023654-TTD (TN02BB 2151).PDF
[412/645]    1seg  data/YS JAGAN_PRESSMEETS DATA/3_20.09.2024_TTD LADDU ISSUE/TTD/BID-011161-AB023655-TTD (TN02BB 2070).PDF
[413/645]    1seg  data/YS JAGAN_PRESSMEETS DATA/3_20.09.2024_TTD LADDU ISSUE/TTD/PR.docx
[414/645]    1seg  data/YS JAGAN_PRESSMEETS DATA/3_20.09.2024_TTD LADDU ISSUE/TTD/TTD_WFAL_REPORT_1.jpeg
[415/645]    1seg  data/YS JAGAN_PRESSMEETS DATA/3_20.09.2024_TTD LADDU ISSUE/TTD/TTD_WFAL_REPORT_2.jpeg
[416/645]    1seg  data/YS JAGAN_PRESSMEETS DATA/3_20.09.2024_TTD LADDU ISSUE/YS Jagan Ladu Kalithi 100days Palana sak 2109202.jpeg
[417/645]    1seg  data/YS JAGAN_PRESSMEETS DATA/3_20.09.2024_TTD LADDU ISSUE/YS Jagan Ladu Prasadam Jantu kovu pi Babu Devudu ne Sitham sak 21092024 2.jpeg
[418/645]    1seg  data/YS JAGAN_PRESSMEETS DATA/3_20.09.2024_TTD LADDU ISSUE/YS Jagan Ladu Prasadam Jantu kovu pi Babu Devudu ne Sitham sak 21092024.jpeg
[419/645]    1seg  data/YS JAGAN_PRESSMEETS DATA/4_27.09.2024_YSJ TIRUPATI TOUR CANCELLED/EO babu babu PCs Laddu sak 28092024.jpeg
[420/645]    1seg  data/YS JAGAN_PRESSMEETS DATA/4_27.09.2024_YSJ TIRUPATI TOUR CANCELLED/PRESS RELEASE.docx
[421/645]    1seg  data/YS JAGAN_PRESSMEETS DATA/4_27.09.2024_YSJ TIRUPATI TOUR CANCELLED/TTD_LADDU_ISSUE/1_SMSL_ARDF_QFD-05062024.pdf
[422/645]    1seg  data/YS JAGAN_PRESSMEETS DATA/4_27.09.2024_YSJ TIRUPATI TOUR CANCELLED/TTD_LADDU_ISSUE/21092024_THE Print_TTD_EO_Statement_1.jpeg
[423/645]    1seg  data/YS JAGAN_PRESSMEETS DATA/4_27.09.2024_YSJ TIRUPATI TOUR CANCELLED/TTD_LADDU_ISSUE/21092024_THE Print_TTD_EO_Statement_2.jpeg
[424/645]    1seg  data/YS JAGAN_PRESSMEETS DATA/4_27.09.2024_YSJ TIRUPATI TOUR CANCELLED/TTD_LADDU_ISSUE/23092024_Adulterated ghee not used TTD_Deccan Herald_1.jpeg
[425/645]    1seg  data/YS JAGAN_PRESSMEETS DATA/4_27.09.2024_YSJ TIRUPATI TOUR CANCELLED/TTD_LADDU_ISSUE/23092024_Adulterated ghee not used TTD_Deccan Herald_2.jpeg
[426/645]    0seg  data/YS JAGAN_PRESSMEETS DATA/4_27.09.2024_YSJ TIRUPATI TOUR CANCELLED/TTD_LADDU_ISSUE/2_SMSL_ARDF_QFD-07062024.pdf
[427/645]    1seg  data/YS JAGAN_PRESSMEETS DATA/4_27.09.2024_YSJ TIRUPATI TOUR CANCELLED/TTD_LADDU_ISSUE/3_SMSL_ARDF_QFD-13062024.pdf
[428/645]    1seg  data/YS JAGAN_PRESSMEETS DATA/4_27.09.2024_YSJ TIRUPATI TOUR CANCELLED/TTD_LADDU_ISSUE/4.CBN_TankersUSE_22092024.mp4
[429/645]    1seg  data/YS JAGAN_PRESSMEETS DATA/4_27.09.2024_YSJ TIRUPATI TOUR CANCELLED/TTD_LADDU_ISSUE/4_SMSL_ARDF_QFD-24062024.pdf
[430/645]    1seg  data/YS JAGAN_PRESSMEETS DATA/4_27.09.2024_YSJ TIRUPATI TOUR CANCELLED/TTD_LADDU_ISSUE/5.CBN_2TANKERS_USED_PC_27092024.mp4
[431/645]    1seg  data/YS JAGAN_PRESSMEETS DATA/4_27.09.2024_YSJ TIRUPATI TOUR CANCELLED/TTD_LADDU_ISSUE/5_SMSL_ARDF_QFD-01072024.pdf
[432/645]    1seg  data/YS JAGAN_PRESSMEETS DATA/4_27.09.2024_YSJ TIRUPATI TOUR CANCELLED/TTD_LADDU_ISSUE/6_SMSL_ARDF_QFD-02072024.pdf
[433/645]    1seg  data/YS JAGAN_PRESSMEETS DATA/4_27.09.2024_YSJ TIRUPATI TOUR CANCELLED/TTD_LADDU_ISSUE/7_SMSL_ARDF_QFD-09072024.pdf
[434/645]    1seg  data/YS JAGAN_PRESSMEETS DATA/4_27.09.2024_YSJ TIRUPATI TOUR CANCELLED/TTD_LADDU_ISSUE/8_SMSL_ARDF_QFD-13072024.pdf
[435/645]    1seg  data/YS JAGAN_PRESSMEETS DATA/4_27.09.2024_YSJ TIRUPATI TOUR CANCELLED/TTD_LADDU_ISSUE/ABSTRACT_NDDB REPORT ON GHEE_TABLE.docx
[436/645]    1seg  data/YS JAGAN_PRESSMEETS DATA/4_27.09.2024_YSJ TIRUPATI TOUR CANCELLED/TTD_LADDU_ISSUE/ABSTRACT_NDDB REPORT ON GHEE_TABLE_PDF.pdf
[437/645]    1seg  data/YS JAGAN_PRESSMEETS DATA/4_27.09.2024_YSJ TIRUPATI TOUR CANCELLED/TTD_LADDU_ISSUE/ARD_REPLY_TTD_SHOWCAUSE_NOTICE_04092024.pdf
[438/645]    1seg  data/YS JAGAN_PRESSMEETS DATA/4_27.09.2024_YSJ TIRUPATI TOUR CANCELLED/TTD_LADDU_ISSUE/ARD_REPLY_TTD_SHOWCAUSE_NOTICE_28072024.pdf
[439/645]    1seg  data/YS JAGAN_PRESSMEETS DATA/4_27.09.2024_YSJ TIRUPATI TOUR CANCELLED/TTD_LADDU_ISSUE/BREAKING_Tirupati Prasad controversy_POINTS_05102024.docx
[440/645]    1seg  data/YS JAGAN_PRESSMEETS DATA/4_27.09.2024_YSJ TIRUPATI TOUR CANCELLED/TTD_LADDU_ISSUE/Babu to Modi_Laddu Issue_Delhi Tour_08102024.jpeg
[441/645]    1seg  data/YS JAGAN_PRESSMEETS DATA/4_27.09.2024_YSJ TIRUPATI TOUR CANCELLED/TTD_LADDU_ISSUE/Ghee Supply Recent Statement Details_Oct2013 to Jan2024.docx
[442/645]    1seg  data/YS JAGAN_PRESSMEETS DATA/4_27.09.2024_YSJ TIRUPATI TOUR CANCELLED/TTD_LADDU_ISSUE/Jagan_sir_on_100days_Tirumala Laddu_20092024.docx
[443/645]   60seg  data/YS JAGAN_PRESSMEETS DATA/4_27.09.2024_YSJ TIRUPATI TOUR CANCELLED/TTD_LADDU_ISSUE/Jagan_sir_on_100days_Tirumala Laddu_20092024.pdf
[444/645]    1seg  data/YS JAGAN_PRESSMEETS DATA/4_27.09.2024_YSJ TIRUPATI TOUR CANCELLED/TTD_LADDU_ISSUE/LIVE LAW_TIRUMALA LADDU_Independent SIT_04102024.docx
[445/645]    1seg  data/YS JAGAN_PRESSMEETS DATA/4_27.09.2024_YSJ TIRUPATI TOUR CANCELLED/TTD_LADDU_ISSUE/LiveLaw-TTD Laddu Case in SC-04102024.pdf
[446/645]    1seg  data/YS JAGAN_PRESSMEETS DATA/4_27.09.2024_YSJ TIRUPATI TOUR CANCELLED/TTD_LADDU_ISSUE/NDDB_CALFREPORT_BID-010961-16072024.PDF
[447/645]    5seg  data/YS JAGAN_PRESSMEETS DATA/4_27.09.2024_YSJ TIRUPATI TOUR CANCELLED/TTD_LADDU_ISSUE/NDDB_CALFREPORT_BID-011161-23072024.PDF
[448/645]   32seg  data/YS JAGAN_PRESSMEETS DATA/4_27.09.2024_YSJ TIRUPATI TOUR CANCELLED/TTD_LADDU_ISSUE/NEW_TTD Tender Document on Cow Ghee_Instructions_07102024.pdf
[449/645]    1seg  data/YS JAGAN_PRESSMEETS DATA/4_27.09.2024_YSJ TIRUPATI TOUR CANCELLED/TTD_LADDU_ISSUE/OLD_TTD Tender Document on Cow Ghee_Instructions_359 Dt.14.11.2023.pdf
[450/645]    3seg  data/YS JAGAN_PRESSMEETS DATA/4_27.09.2024_YSJ TIRUPATI TOUR CANCELLED/TTD_LADDU_ISSUE/Pawan Kalyan Comments on TTD Laddu Issue_BYTE.mp4
[451/645]    1seg  data/YS JAGAN_PRESSMEETS DATA/4_27.09.2024_YSJ TIRUPATI TOUR CANCELLED/TTD_LADDU_ISSUE/Points_on_pawan_varahi_deeksha_tpt_03102024.pdf
[452/645]    1seg  data/YS JAGAN_PRESSMEETS DATA/4_27.09.2024_YSJ TIRUPATI TOUR CANCELLED/TTD_LADDU_ISSUE/Revised_ statewide_press_messts_babu_liar_ladd00_issue_28092024.pdf
[453/645]    1seg  data/YS JAGAN_PRESSMEETS DATA/4_27.09.2024_YSJ TIRUPATI TOUR CANCELLED/TTD_LADDU_ISSUE/SC_Proceedings on Individual_SIT_TTD Laddu Issue_04.10.2024.pdf
[454/645]    1seg  data/YS JAGAN_PRESSMEETS DATA/4_27.09.2024_YSJ TIRUPATI TOUR CANCELLED/TTD_LADDU_ISSUE/SC_Proceedings on TTD Laddu Verdict_30.09.2024.pdf
[455/645]     ERR  data/YS JAGAN_PRESSMEETS DATA/4_27.09.2024_YSJ TIRUPATI TOUR CANCELLED/TTD_LADDU_ISSUE/TTD Complaint on ARDairy.doc
[456/645]    1seg  data/YS JAGAN_PRESSMEETS DATA/4_27.09.2024_YSJ TIRUPATI TOUR CANCELLED/TTD_LADDU_ISSUE/TTD GHEE TENDER_DOC_10.10.2024.jpeg
[457/645]    1seg  data/YS JAGAN_PRESSMEETS DATA/4_27.09.2024_YSJ TIRUPATI TOUR CANCELLED/TTD_LADDU_ISSUE/TTD GHEE TENDER_DOC_10.10.2024_1.jpeg
[458/645]    1seg  data/YS JAGAN_PRESSMEETS DATA/4_27.09.2024_YSJ TIRUPATI TOUR CANCELLED/TTD_LADDU_ISSUE/TTD Ghee Samples Test report NDRI_17022022.pdf
[459/645]    1seg  data/YS JAGAN_PRESSMEETS DATA/4_27.09.2024_YSJ TIRUPATI TOUR CANCELLED/TTD_LADDU_ISSUE/TTD SHOWCAUSE_NOTICE TO ARD_22072024.pdf
[460/645]    1seg  data/YS JAGAN_PRESSMEETS DATA/4_27.09.2024_YSJ TIRUPATI TOUR CANCELLED/TTD_LADDU_ISSUE/TTD SHOWCAUSE_NOTICE TO ARD_27072024.pdf
[461/645]   50seg  data/YS JAGAN_PRESSMEETS DATA/4_27.09.2024_YSJ TIRUPATI TOUR CANCELLED/TTD_LADDU_ISSUE/TTD_RE-JOINDER_28082024.PDF
[462/645]    1seg  data/YS JAGAN_PRESSMEETS DATA/4_27.09.2024_YSJ TIRUPATI TOUR CANCELLED/TTD_LADDU_ISSUE/TTD_WFAL_REPORT_1.jpeg
[463/645]    1seg  data/YS JAGAN_PRESSMEETS DATA/4_27.09.2024_YSJ TIRUPATI TOUR CANCELLED/TTD_LADDU_ISSUE/TTD_WFAL_REPORT_2.jpeg
[464/645]   20seg  data/YS JAGAN_PRESSMEETS DATA/4_27.09.2024_YSJ TIRUPATI TOUR CANCELLED/TTD_LADDU_ISSUE/Tirupati Laddu Row_ Supreme Court Forms SIT To Probe Ghee Adulteration Allegation_LIVELAW_04102024.pdf
[465/645]    1seg  data/YS JAGAN_PRESSMEETS DATA/4_27.09.2024_YSJ TIRUPATI TOUR CANCELLED/TTD_LADDU_ISSUE/WhatsApp Image 2024-10-07 at 4.57.42 PM.jpeg
[466/645]    1seg  data/YS JAGAN_PRESSMEETS DATA/4_27.09.2024_YSJ TIRUPATI TOUR CANCELLED/TTD_LADDU_ISSUE/YSJAGAN_ADDRESS_NMEDIA_LADDUISSUE_PC_26092024.docx
[467/645]    1seg  data/YS JAGAN_PRESSMEETS DATA/4_27.09.2024_YSJ TIRUPATI TOUR CANCELLED/TTD_LADDU_ISSUE/YSJAGAN_PC_SC_ISIT_04102024.docx
[468/645]    1seg  data/YS JAGAN_PRESSMEETS DATA/4_27.09.2024_YSJ TIRUPATI TOUR CANCELLED/YS Jagan kalthi babu sruste sak 28092024 2.jpeg
[469/645]    1seg  data/YS JAGAN_PRESSMEETS DATA/4_27.09.2024_YSJ TIRUPATI TOUR CANCELLED/YS Jagan kalthi babu sruste sak 28092024.jpeg
[470/645]    1seg  data/YS JAGAN_PRESSMEETS DATA/5_04.10.2024_TTD LADDU SIT SUPREME COURT VERDICT/4.CBN_TankersUSE_22092024.mp4
[471/645]    1seg  data/YS JAGAN_PRESSMEETS DATA/5_04.10.2024_TTD LADDU SIT SUPREME COURT VERDICT/LOKESH LADDU TWEET_SC.jpg
[472/645]    1seg  data/YS JAGAN_PRESSMEETS DATA/5_04.10.2024_TTD LADDU SIT SUPREME COURT VERDICT/PRESS RELEASE.docx
[473/645]    1seg  data/YS JAGAN_PRESSMEETS DATA/5_04.10.2024_TTD LADDU SIT SUPREME COURT VERDICT/SC_Proceedings on TTD Laddu Verdict_30.09.2024.pdf
[474/645]    1seg  data/YS JAGAN_PRESSMEETS DATA/5_04.10.2024_TTD LADDU SIT SUPREME COURT VERDICT/YS Jagan Tirumula Laddu TDP Pracharam sak 05102024 2.jpeg
[475/645]    1seg  data/YS JAGAN_PRESSMEETS DATA/5_04.10.2024_TTD LADDU SIT SUPREME COURT VERDICT/YS Jagan Tirumula Laddu TDP Pracharam sak 05102024 6.jpeg
[476/645]    1seg  data/YS JAGAN_PRESSMEETS DATA/5_04.10.2024_TTD LADDU SIT SUPREME COURT VERDICT/YS Jagan Tirumula Laddu TDP Pracharam sak 05102024 7.jpeg
[477/645]    1seg  data/YS JAGAN_PRESSMEETS DATA/5_04.10.2024_TTD LADDU SIT SUPREME COURT VERDICT/YS Jagan Tirumula Laddu TDP Pracharam sak 05102024.jpeg
[478/645]    1seg  data/YS JAGAN_PRESSMEETS DATA/5_04.10.2024_TTD LADDU SIT SUPREME COURT VERDICT/jagan .jpg
[479/645]    1seg  data/YS JAGAN_PRESSMEETS DATA/6_18.10.2024_100DAYS KUTAMI RULING/PRESS RELEASE.docx
[480/645]    1seg  data/YS JAGAN_PRESSMEETS DATA/6_18.10.2024_100DAYS KUTAMI RULING/SRI YS JAGAN PRESSMEET_18102024/1. SAND/SAND TENDERS (1).jpeg
[481/645]    1seg  data/YS JAGAN_PRESSMEETS DATA/6_18.10.2024_100DAYS KUTAMI RULING/SRI YS JAGAN PRESSMEET_18102024/1. SAND/SAND TENDERS (2).jpeg
[482/645]    2seg  data/YS JAGAN_PRESSMEETS DATA/6_18.10.2024_100DAYS KUTAMI RULING/SRI YS JAGAN PRESSMEET_18102024/2. LIQUOR/3.PAWAN KALYAN_LIQUOR.mp4
[483/645]    1seg  data/YS JAGAN_PRESSMEETS DATA/6_18.10.2024_100DAYS KUTAMI RULING/SRI YS JAGAN PRESSMEET_18102024/2. LIQUOR/BOOM_BOOM.jpeg
[484/645]    1seg  data/YS JAGAN_PRESSMEETS DATA/6_18.10.2024_100DAYS KUTAMI RULING/SRI YS JAGAN PRESSMEET_18102024/2. LIQUOR/BRANDY_BRANDS.jpeg
[485/645]    5seg  data/YS JAGAN_PRESSMEETS DATA/6_18.10.2024_100DAYS KUTAMI RULING/SRI YS JAGAN PRESSMEET_18102024/2. LIQUOR/CPI Narayana_WINE SHOP.mp4
[486/645]    1seg  data/YS JAGAN_PRESSMEETS DATA/6_18.10.2024_100DAYS KUTAMI RULING/SRI YS JAGAN PRESSMEET_18102024/2. LIQUOR/GOVENOR RESERVE.jpeg
[487/645]    1seg  data/YS JAGAN_PRESSMEETS DATA/6_18.10.2024_100DAYS KUTAMI RULING/SRI YS JAGAN PRESSMEET_18102024/2. LIQUOR/KERALA MALTED.jpeg
[488/645]    1seg  data/YS JAGAN_PRESSMEETS DATA/6_18.10.2024_100DAYS KUTAMI RULING/SRI YS JAGAN PRESSMEET_18102024/2. LIQUOR/Liquor_sales_under_TDP _and_YSRCP4-5 F.pdf
[489/645]    1seg  data/YS JAGAN_PRESSMEETS DATA/6_18.10.2024_100DAYS KUTAMI RULING/SRI YS JAGAN PRESSMEET_18102024/2. LIQUOR/PRESIDENT MEDAL.jpeg
[490/645]    1seg  data/YS JAGAN_PRESSMEETS DATA/6_18.10.2024_100DAYS KUTAMI RULING/SRI YS JAGAN PRESSMEET_18102024/2. LIQUOR/SUPER6_TRENDING.jpeg
[491/645]    1seg  data/YS JAGAN_PRESSMEETS DATA/6_18.10.2024_100DAYS KUTAMI RULING/SRI YS JAGAN PRESSMEET_18102024/2. LIQUOR/WHISKY COSTS.jpeg
[492/645]    1seg  data/YS JAGAN_PRESSMEETS DATA/6_18.10.2024_100DAYS KUTAMI RULING/SRI YS JAGAN PRESSMEET_18102024/2. LIQUOR/WhatsApp Image 2025-07-21 at 12.21.13 PM.jpeg
[493/645]    1seg  data/YS JAGAN_PRESSMEETS DATA/6_18.10.2024_100DAYS KUTAMI RULING/SRI YS JAGAN PRESSMEET_18102024/2. LIQUOR/WhatsApp Image 2025-07-21 at 12.33.01 PM.jpeg
[494/645]    1seg  data/YS JAGAN_PRESSMEETS DATA/6_18.10.2024_100DAYS KUTAMI RULING/SRI YS JAGAN PRESSMEET_18102024/3. JOBS/Employement Recruitmne as on 1303.2023.pdf
[495/645]    1seg  data/YS JAGAN_PRESSMEETS DATA/6_18.10.2024_100DAYS KUTAMI RULING/SRI YS JAGAN PRESSMEET_18102024/3. JOBS/msme Data.pdf
[496/645]    1seg  data/YS JAGAN_PRESSMEETS DATA/6_18.10.2024_100DAYS KUTAMI RULING/SRI YS JAGAN PRESSMEET_18102024/4. SKILL/4A_1_cs_notefile.jpg
[497/645]    1seg  data/YS JAGAN_PRESSMEETS DATA/6_18.10.2024_100DAYS KUTAMI RULING/SRI YS JAGAN PRESSMEET_18102024/4. SKILL/5_A_ED_tweet_1.jpg
[498/645]    1seg  data/YS JAGAN_PRESSMEETS DATA/6_18.10.2024_100DAYS KUTAMI RULING/SRI YS JAGAN PRESSMEET_18102024/4. SKILL/Approvals by CBNin note files.pdf
[499/645]    1seg  data/YS JAGAN_PRESSMEETS DATA/6_18.10.2024_100DAYS KUTAMI RULING/SRI YS JAGAN PRESSMEET_18102024/4. SKILL/CIRCULATE FILE.jpeg
[500/645]    1seg  data/YS JAGAN_PRESSMEETS DATA/6_18.10.2024_100DAYS KUTAMI RULING/SRI YS JAGAN PRESSMEET_18102024/4. SKILL/MOU_1.jpg
[501/645]    1seg  data/YS JAGAN_PRESSMEETS DATA/6_18.10.2024_100DAYS KUTAMI RULING/SRI YS JAGAN PRESSMEET_18102024/4. SKILL/NIJAM GELICHINDHI.jpg
[502/645]    1seg  data/YS JAGAN_PRESSMEETS DATA/6_18.10.2024_100DAYS KUTAMI RULING/SRI YS JAGAN PRESSMEET_18102024/4. SKILL/PV_Ramesh_file.jpg
[503/645]    1seg  data/YS JAGAN_PRESSMEETS DATA/6_18.10.2024_100DAYS KUTAMI RULING/SRI YS JAGAN PRESSMEET_18102024/4. SKILL/Press Release PAO in APSSDC Scam Case-15.10.2024.pdf
[504/645]    1seg  data/YS JAGAN_PRESSMEETS DATA/6_18.10.2024_100DAYS KUTAMI RULING/SRI YS JAGAN PRESSMEET_18102024/4. SKILL/SIEMENS_Report_1.jpg
[505/645]    1seg  data/YS JAGAN_PRESSMEETS DATA/6_18.10.2024_100DAYS KUTAMI RULING/SRI YS JAGAN PRESSMEET_18102024/4. SKILL/SKILL SCAM Chart -Diversion of Funds.jpeg
[506/645]    6seg  data/YS JAGAN_PRESSMEETS DATA/6_18.10.2024_100DAYS KUTAMI RULING/SRI YS JAGAN PRESSMEET_18102024/5. Vijayawada Flood/2.MINISTERS ON MATCH BOX ISSUE.mp4
[507/645]    1seg  data/YS JAGAN_PRESSMEETS DATA/6_18.10.2024_100DAYS KUTAMI RULING/SRI YS JAGAN PRESSMEET_18102024/5. Vijayawada Flood/CS SISODIA STATEMENT.jpeg
[508/645]    1seg  data/YS JAGAN_PRESSMEETS DATA/6_18.10.2024_100DAYS KUTAMI RULING/SRI YS JAGAN PRESSMEET_18102024/5. Vijayawada Flood/GOVT STATEMENT_PPT (1).jpeg
[509/645]    1seg  data/YS JAGAN_PRESSMEETS DATA/6_18.10.2024_100DAYS KUTAMI RULING/SRI YS JAGAN PRESSMEET_18102024/5. Vijayawada Flood/GOVT STATEMENT_PPT (2).jpeg
[510/645]    1seg  data/YS JAGAN_PRESSMEETS DATA/6_18.10.2024_100DAYS KUTAMI RULING/SRI YS JAGAN PRESSMEET_18102024/5. Vijayawada Flood/VIJAYAWADA FLOODS (1).jpeg
[511/645]    1seg  data/YS JAGAN_PRESSMEETS DATA/6_18.10.2024_100DAYS KUTAMI RULING/SRI YS JAGAN PRESSMEET_18102024/5. Vijayawada Flood/VIJAYAWADA FLOODS (2).jpeg
[512/645]    1seg  data/YS JAGAN_PRESSMEETS DATA/6_18.10.2024_100DAYS KUTAMI RULING/YS Jagan EVMS VVPats sak 19102024.jpeg
[513/645]    1seg  data/YS JAGAN_PRESSMEETS DATA/6_18.10.2024_100DAYS KUTAMI RULING/YS Jagan Free Sand sak 19102024.jpeg
[514/645]    1seg  data/YS JAGAN_PRESSMEETS DATA/6_18.10.2024_100DAYS KUTAMI RULING/YS Jagan PC Madhyeamsak 19102024.jpeg
[515/645]    1seg  data/YS JAGAN_PRESSMEETS DATA/6_18.10.2024_100DAYS KUTAMI RULING/YS Jagan PC Sand Madhyeam PC sak 19102024.jpeg
[516/645]    1seg  data/YS JAGAN_PRESSMEETS DATA/6_18.10.2024_100DAYS KUTAMI RULING/YS Jagan PC Sand Madhyeam PC sak 191020242.jpeg
[517/645]    1seg  data/YS JAGAN_PRESSMEETS DATA/6_18.10.2024_100DAYS KUTAMI RULING/YS Jagan Sakshi pi Case Vijywada Vardhalu sak19102024.jpeg
[518/645]    1seg  data/YS JAGAN_PRESSMEETS DATA/6_18.10.2024_100DAYS KUTAMI RULING/YS jagan babu ED Neku ekkada Clean Cheat ichidni ee 19102024.jpeg
[519/645]    0seg  data/YS JAGAN_PRESSMEETS DATA/7_07.11.2024_SOCIAL MEDIA ARRESTS/1. SOCIAL MEDIA_FIR COPYS_07.11.2024.pdf
[520/645]    1seg  data/YS JAGAN_PRESSMEETS DATA/7_07.11.2024_SOCIAL MEDIA ARRESTS/2. SOCIAL MEDIA CASES 41NOTICE_ameshkumarXbiharstate verdict.pdf
[521/645]    1seg  data/YS JAGAN_PRESSMEETS DATA/7_07.11.2024_SOCIAL MEDIA ARRESTS/3. YS VIJAYAMMA, FAKE SIGNATURE ISSUE.pdf
[522/645]    1seg  data/YS JAGAN_PRESSMEETS DATA/7_07.11.2024_SOCIAL MEDIA ARRESTS/MMDR ACT_Mines LEASE for 50YRS.pdf
[523/645]    1seg  data/YS JAGAN_PRESSMEETS DATA/7_07.11.2024_SOCIAL MEDIA ARRESTS/PRESS RELEASE.docx
[524/645]    1seg  data/YS JAGAN_PRESSMEETS DATA/7_07.11.2024_SOCIAL MEDIA ARRESTS/YS Jagan  Sarsavathi Lands Anni Pata Landes sak 08112024.jpeg
[525/645]    1seg  data/YS JAGAN_PRESSMEETS DATA/7_07.11.2024_SOCIAL MEDIA ARRESTS/YS Jagan Assembly Ki vellam Media Munduku GVT ni question Chetam sak 08112024.jpeg
[526/645]    1seg  data/YS JAGAN_PRESSMEETS DATA/7_07.11.2024_SOCIAL MEDIA ARRESTS/YS Jagan PC Socieal Media Posts sak 08112024 2.jpeg
[527/645]    1seg  data/YS JAGAN_PRESSMEETS DATA/7_07.11.2024_SOCIAL MEDIA ARRESTS/YS Jagan PC Socieal Media Posts sak 08112024 3.jpeg
[528/645]    1seg  data/YS JAGAN_PRESSMEETS DATA/7_07.11.2024_SOCIAL MEDIA ARRESTS/YS Jagan PC Socieal Media Posts sak 08112024.jpeg
[529/645]    1seg  data/YS JAGAN_PRESSMEETS DATA/7_07.11.2024_SOCIAL MEDIA ARRESTS/YS Jagan Sociela Media Posts sak 08112024.jpeg
[530/645]    1seg  data/YS JAGAN_PRESSMEETS DATA/7_07.11.2024_SOCIAL MEDIA ARRESTS/YSRCP SOCIAL MEDIA COMMAND CONTROL POSTER.pdf
[531/645]    1seg  data/YS JAGAN_PRESSMEETS DATA/8_13.11.2024_AP BUDGET APPULU 2024-25/11_1A.jpeg
[532/645]    1seg  data/YS JAGAN_PRESSMEETS DATA/8_13.11.2024_AP BUDGET APPULU 2024-25/11_1_DBT_WhatsApp Image 2024-11-13 at 3.08.44 PM (1).jpeg
[533/645]    1seg  data/YS JAGAN_PRESSMEETS DATA/8_13.11.2024_AP BUDGET APPULU 2024-25/11_2_calender.jpeg
[534/645]    1seg  data/YS JAGAN_PRESSMEETS DATA/8_13.11.2024_AP BUDGET APPULU 2024-25/12.jpeg
[535/645]    1seg  data/YS JAGAN_PRESSMEETS DATA/8_13.11.2024_AP BUDGET APPULU 2024-25/12_1_18.jpeg
[536/645]    1seg  data/YS JAGAN_PRESSMEETS DATA/8_13.11.2024_AP BUDGET APPULU 2024-25/12_2_WhatsApp Image 2024-11-13 at 15.36.18_d3c392e6.jpg
[537/645]    1seg  data/YS JAGAN_PRESSMEETS DATA/8_13.11.2024_AP BUDGET APPULU 2024-25/12_3_WhatsApp Image 2024-11-13 at 15.36.18_d3c392e6.jpg
[538/645]    1seg  data/YS JAGAN_PRESSMEETS DATA/8_13.11.2024_AP BUDGET APPULU 2024-25/13.11.2024_SRI YS JAGAN PC_press release.docx
[539/645]    1seg  data/YS JAGAN_PRESSMEETS DATA/8_13.11.2024_AP BUDGET APPULU 2024-25/13.jpeg
[540/645]    1seg  data/YS JAGAN_PRESSMEETS DATA/8_13.11.2024_AP BUDGET APPULU 2024-25/13_Eenadus storuy_16.jpeg
[541/645]    1seg  data/YS JAGAN_PRESSMEETS DATA/8_13.11.2024_AP BUDGET APPULU 2024-25/14.jpeg
[542/645]    1seg  data/YS JAGAN_PRESSMEETS DATA/8_13.11.2024_AP BUDGET APPULU 2024-25/14_1_gas_9.jpeg
[543/645]    1seg  data/YS JAGAN_PRESSMEETS DATA/8_13.11.2024_AP BUDGET APPULU 2024-25/14_2_PENSIONS DIFFERENCE MAR - NOV 2024.jpeg
[544/645]    1seg  data/YS JAGAN_PRESSMEETS DATA/8_13.11.2024_AP BUDGET APPULU 2024-25/15.jpeg
[545/645]    1seg  data/YS JAGAN_PRESSMEETS DATA/8_13.11.2024_AP BUDGET APPULU 2024-25/20.jpeg
[546/645]    1seg  data/YS JAGAN_PRESSMEETS DATA/8_13.11.2024_AP BUDGET APPULU 2024-25/21.jpeg
[547/645]    1seg  data/YS JAGAN_PRESSMEETS DATA/8_13.11.2024_AP BUDGET APPULU 2024-25/3_1.jpeg
[548/645]    1seg  data/YS JAGAN_PRESSMEETS DATA/8_13.11.2024_AP BUDGET APPULU 2024-25/3_2.jpeg
[549/645]    1seg  data/YS JAGAN_PRESSMEETS DATA/8_13.11.2024_AP BUDGET APPULU 2024-25/3_3.jpeg
[550/645]    1seg  data/YS JAGAN_PRESSMEETS DATA/8_13.11.2024_AP BUDGET APPULU 2024-25/3_4.jpeg
[551/645]    1seg  data/YS JAGAN_PRESSMEETS DATA/8_13.11.2024_AP BUDGET APPULU 2024-25/3_5.jpeg
[552/645]    1seg  data/YS JAGAN_PRESSMEETS DATA/8_13.11.2024_AP BUDGET APPULU 2024-25/3_6.jpeg
[553/645]    1seg  data/YS JAGAN_PRESSMEETS DATA/8_13.11.2024_AP BUDGET APPULU 2024-25/3_7.jpeg
[554/645]    1seg  data/YS JAGAN_PRESSMEETS DATA/8_13.11.2024_AP BUDGET APPULU 2024-25/3_8.jpeg
[555/645]    1seg  data/YS JAGAN_PRESSMEETS DATA/8_13.11.2024_AP BUDGET APPULU 2024-25/3_9.jpeg
[556/645]    1seg  data/YS JAGAN_PRESSMEETS DATA/8_13.11.2024_AP BUDGET APPULU 2024-25/4_1.jpeg
[557/645]    1seg  data/YS JAGAN_PRESSMEETS DATA/8_13.11.2024_AP BUDGET APPULU 2024-25/4_2.jpeg
[558/645]   13seg  data/YS JAGAN_PRESSMEETS DATA/8_13.11.2024_AP BUDGET APPULU 2024-25/5_Presentation on State Budget - Final copy 13112024.pptx
[559/645]    1seg  data/YS JAGAN_PRESSMEETS DATA/8_13.11.2024_AP BUDGET APPULU 2024-25/8_ambanis_jagansir_PICS_/Aditya_mittaL_jagan_sir.jpg
[560/645]    1seg  data/YS JAGAN_PRESSMEETS DATA/8_13.11.2024_AP BUDGET APPULU 2024-25/8_ambanis_jagansir_PICS_/Aditya_mittaL_jagan_sir_1.jpg
[561/645]    1seg  data/YS JAGAN_PRESSMEETS DATA/8_13.11.2024_AP BUDGET APPULU 2024-25/8_ambanis_jagansir_PICS_/BIO_ithanal_nov_4th_2022.jpg
[562/645]    1seg  data/YS JAGAN_PRESSMEETS DATA/8_13.11.2024_AP BUDGET APPULU 2024-25/8_ambanis_jagansir_PICS_/Karan_adani_Jagan sir.jpg
[563/645]    1seg  data/YS JAGAN_PRESSMEETS DATA/8_13.11.2024_AP BUDGET APPULU 2024-25/8_ambanis_jagansir_PICS_/Karan_adani_data_center_vizag.jpg
[564/645]    1seg  data/YS JAGAN_PRESSMEETS DATA/8_13.11.2024_AP BUDGET APPULU 2024-25/8_ambanis_jagansir_PICS_/Mangalam Birla_Jagan unveils Rs. 2,470-cr caustic soda plant by Grasim Ind Asks Kumar Mangalam Birla to be ‘ambassador for AP’.jpg
[565/645]    1seg  data/YS JAGAN_PRESSMEETS DATA/8_13.11.2024_AP BUDGET APPULU 2024-25/8_ambanis_jagansir_PICS_/Mukesh_ambani_jagan_sir_1.jpg
[566/645]    1seg  data/YS JAGAN_PRESSMEETS DATA/8_13.11.2024_AP BUDGET APPULU 2024-25/8_ambanis_jagansir_PICS_/Sajjan_jindal_AP CM lays stone for Rs. 8,800 cr steel plant కడప.jpg
[567/645]    1seg  data/YS JAGAN_PRESSMEETS DATA/8_13.11.2024_AP BUDGET APPULU 2024-25/8_ambanis_jagansir_PICS_/mukesh_ambani_jagan_sir.jpg
[568/645]     ERR  data/YS JAGAN_PRESSMEETS DATA/8_13.11.2024_AP BUDGET APPULU 2024-25/8_ambanis_jagansir_PICS_/~BROMIUM/Aditya_mittaL_jagan_sir_1.jpg
[569/645]     ERR  data/YS JAGAN_PRESSMEETS DATA/8_13.11.2024_AP BUDGET APPULU 2024-25/8_ambanis_jagansir_PICS_/~BROMIUM/BIO_ithanal_nov_4th_2022.jpg
[570/645]     ERR  data/YS JAGAN_PRESSMEETS DATA/8_13.11.2024_AP BUDGET APPULU 2024-25/8_ambanis_jagansir_PICS_/~BROMIUM/Karan_adani_Jagan sir.jpg
[571/645]     ERR  data/YS JAGAN_PRESSMEETS DATA/8_13.11.2024_AP BUDGET APPULU 2024-25/8_ambanis_jagansir_PICS_/~BROMIUM/Karan_adani_data_center_vizag.jpg
[572/645]     ERR  data/YS JAGAN_PRESSMEETS DATA/8_13.11.2024_AP BUDGET APPULU 2024-25/8_ambanis_jagansir_PICS_/~BROMIUM/Mangalam Birla_Jagan unveils Rs. 2,470-cr caustic soda plant by Grasim Ind Asks Kumar Mangalam Birla to be ‘ambassador for AP’.jpg
[573/645]     ERR  data/YS JAGAN_PRESSMEETS DATA/8_13.11.2024_AP BUDGET APPULU 2024-25/8_ambanis_jagansir_PICS_/~BROMIUM/Mukesh_ambani_jagan_sir_1.jpg
[574/645]     ERR  data/YS JAGAN_PRESSMEETS DATA/8_13.11.2024_AP BUDGET APPULU 2024-25/8_ambanis_jagansir_PICS_/~BROMIUM/Sajjan_jindal_AP CM lays stone for Rs. 8,800 cr steel plant కడప.jpg
[575/645]     ERR  data/YS JAGAN_PRESSMEETS DATA/8_13.11.2024_AP BUDGET APPULU 2024-25/8_ambanis_jagansir_PICS_/~BROMIUM/mukesh_ambani_jagan_sir.jpg
[576/645]    1seg  data/YS JAGAN_PRESSMEETS DATA/8_13.11.2024_AP BUDGET APPULU 2024-25/Chandrababu Debts 2019.pdf
[577/645]    1seg  data/YS JAGAN_PRESSMEETS DATA/8_13.11.2024_AP BUDGET APPULU 2024-25/Gender_Budget.pdf
[578/645]    1seg  data/YS JAGAN_PRESSMEETS DATA/8_13.11.2024_AP BUDGET APPULU 2024-25/WhatsApp Image 2024-11-13 at 3.08.43 PM.jpeg
[579/645]    1seg  data/YS JAGAN_PRESSMEETS DATA/8_13.11.2024_AP BUDGET APPULU 2024-25/WhatsApp Image 2024-11-13 at 3.08.44 PM.jpeg
[580/645]    1seg  data/YS JAGAN_PRESSMEETS DATA/8_13.11.2024_AP BUDGET APPULU 2024-25/WhatsApp Image 2024-11-13 at 3.11.10 PM.jpeg
[581/645]    1seg  data/YS JAGAN_PRESSMEETS DATA/8_13.11.2024_AP BUDGET APPULU 2024-25/bio_thanal_nov_2022WhatsApp Image 2024-11-13 at 15.44.46_070589bd.jpg
[582/645]    1seg  data/YS JAGAN_PRESSMEETS DATA/8_13.11.2024_AP BUDGET APPULU 2024-25/photos_jagan sir pics with industrialists.pdf
[583/645]     ERR  data/YS JAGAN_PRESSMEETS DATA/8_13.11.2024_AP BUDGET APPULU 2024-25/~BROMIUM/12_3_WhatsApp Image 2024-11-13 at 15.36.18_d3c392e6.jpg
[584/645]     ERR  data/YS JAGAN_PRESSMEETS DATA/8_13.11.2024_AP BUDGET APPULU 2024-25/~BROMIUM/bio_thanal_nov_2022WhatsApp Image 2024-11-13 at 15.44.46_070589bd.jpg
[585/645]    1seg  data/YS JAGAN_PRESSMEETS DATA/9_20.11.2024_AP BUDGET 2024-25, CAG REPORT/BUDGET_YS JAGAN PRESSMEET_20112024/108_104 SatyaKumar.jpg
[586/645]    1seg  data/YS JAGAN_PRESSMEETS DATA/9_20.11.2024_AP BUDGET 2024-25, CAG REPORT/BUDGET_YS JAGAN PRESSMEET_20112024/108_104_ASHA Workers.jpg
[587/645]    1seg  data/YS JAGAN_PRESSMEETS DATA/9_20.11.2024_AP BUDGET 2024-25, CAG REPORT/BUDGET_YS JAGAN PRESSMEET_20112024/108_104_ASHA Workers_1.jpg
[588/645]    1seg  data/YS JAGAN_PRESSMEETS DATA/9_20.11.2024_AP BUDGET 2024-25, CAG REPORT/BUDGET_YS JAGAN PRESSMEET_20112024/2.a Gas Cylinders (1).jpg
[589/645]    1seg  data/YS JAGAN_PRESSMEETS DATA/9_20.11.2024_AP BUDGET 2024-25, CAG REPORT/BUDGET_YS JAGAN PRESSMEET_20112024/2.a Gas Cylinders (2).jpg
[590/645]    1seg  data/YS JAGAN_PRESSMEETS DATA/9_20.11.2024_AP BUDGET 2024-25, CAG REPORT/BUDGET_YS JAGAN PRESSMEET_20112024/2.a Gas Cylinders (3).jpeg
[591/645]    1seg  data/YS JAGAN_PRESSMEETS DATA/9_20.11.2024_AP BUDGET 2024-25, CAG REPORT/BUDGET_YS JAGAN PRESSMEET_20112024/2.a Gas Cylinders (4).jpeg
[592/645]    1seg  data/YS JAGAN_PRESSMEETS DATA/9_20.11.2024_AP BUDGET 2024-25, CAG REPORT/BUDGET_YS JAGAN PRESSMEET_20112024/2.b SATYA KUMAR ON HOSPITALS_15112024_EENADU.jpeg
[593/645]    1seg  data/YS JAGAN_PRESSMEETS DATA/9_20.11.2024_AP BUDGET 2024-25, CAG REPORT/BUDGET_YS JAGAN PRESSMEET_20112024/2.c Women Trafficking 2019-24.jpg
[594/645]    1seg  data/YS JAGAN_PRESSMEETS DATA/9_20.11.2024_AP BUDGET 2024-25, CAG REPORT/BUDGET_YS JAGAN PRESSMEET_20112024/2.d Lokesh Stmt on DSC_13112024.jpeg
[595/645]    1seg  data/YS JAGAN_PRESSMEETS DATA/9_20.11.2024_AP BUDGET 2024-25, CAG REPORT/BUDGET_YS JAGAN PRESSMEET_20112024/2.e NEW LIQUOR BRANDS.jpeg
[596/645]    1seg  data/YS JAGAN_PRESSMEETS DATA/9_20.11.2024_AP BUDGET 2024-25, CAG REPORT/BUDGET_YS JAGAN PRESSMEET_20112024/20.11.2024_SRI YS JAGAN_PC_press release.docx
[597/645]    1seg  data/YS JAGAN_PRESSMEETS DATA/9_20.11.2024_AP BUDGET 2024-25, CAG REPORT/BUDGET_YS JAGAN PRESSMEET_20112024/3. GST 1_ Babu 16112024.jpg
[598/645]    1seg  data/YS JAGAN_PRESSMEETS DATA/9_20.11.2024_AP BUDGET 2024-25, CAG REPORT/BUDGET_YS JAGAN PRESSMEET_20112024/3.1.GST 1_ Babu 16112024_2.jpeg
[599/645]    1seg  data/YS JAGAN_PRESSMEETS DATA/9_20.11.2024_AP BUDGET 2024-25, CAG REPORT/BUDGET_YS JAGAN PRESSMEET_20112024/4. Chandrababu Assembly_16112024.jpg
[600/645]    1seg  data/YS JAGAN_PRESSMEETS DATA/9_20.11.2024_AP BUDGET 2024-25, CAG REPORT/BUDGET_YS JAGAN PRESSMEET_20112024/4.1.Chandrababu Assembly_16112024_2.jpg
[601/645]    1seg  data/YS JAGAN_PRESSMEETS DATA/9_20.11.2024_AP BUDGET 2024-25, CAG REPORT/BUDGET_YS JAGAN PRESSMEET_20112024/ANGANWADI_TDP Manifesto.jpeg
[602/645]    1seg  data/YS JAGAN_PRESSMEETS DATA/9_20.11.2024_AP BUDGET 2024-25, CAG REPORT/BUDGET_YS JAGAN PRESSMEET_20112024/ASSIGNED LANDS (1).jpeg
[603/645]    1seg  data/YS JAGAN_PRESSMEETS DATA/9_20.11.2024_AP BUDGET 2024-25, CAG REPORT/BUDGET_YS JAGAN PRESSMEET_20112024/ASSIGNED LANDS (2).jpeg
[604/645]    1seg  data/YS JAGAN_PRESSMEETS DATA/9_20.11.2024_AP BUDGET 2024-25, CAG REPORT/BUDGET_YS JAGAN PRESSMEET_20112024/Brief note on housing and house sites(Nov, 11- 2022) (1).pdf
[605/645]    1seg  data/YS JAGAN_PRESSMEETS DATA/9_20.11.2024_AP BUDGET 2024-25, CAG REPORT/BUDGET_YS JAGAN PRESSMEET_20112024/Housing (1).jpeg
[606/645]    1seg  data/YS JAGAN_PRESSMEETS DATA/9_20.11.2024_AP BUDGET 2024-25, CAG REPORT/BUDGET_YS JAGAN PRESSMEET_20112024/Housing (2).jpeg
[607/645]    6seg  data/YS JAGAN_PRESSMEETS DATA/9_20.11.2024_AP BUDGET 2024-25, CAG REPORT/BUDGET_YS JAGAN PRESSMEET_20112024/KUNA RAVIKUMAR_ASSEMBLY_1611202024.mp4
[608/645]    1seg  data/YS JAGAN_PRESSMEETS DATA/9_20.11.2024_AP BUDGET 2024-25, CAG REPORT/BUDGET_YS JAGAN PRESSMEET_20112024/LOKESH ON LAPTOPS 14.11.2024_EENADU.jpeg
[609/645]    1seg  data/YS JAGAN_PRESSMEETS DATA/9_20.11.2024_AP BUDGET 2024-25, CAG REPORT/BUDGET_YS JAGAN PRESSMEET_20112024/MEGA DSC_1 (1).jpeg
[610/645]    1seg  data/YS JAGAN_PRESSMEETS DATA/9_20.11.2024_AP BUDGET 2024-25, CAG REPORT/BUDGET_YS JAGAN PRESSMEET_20112024/MEGA DSC_1 (2).jpeg
[611/645]    1seg  data/YS JAGAN_PRESSMEETS DATA/9_20.11.2024_AP BUDGET 2024-25, CAG REPORT/BUDGET_YS JAGAN PRESSMEET_20112024/MEGA DSC_1 (3).jpeg
[612/645]    1seg  data/YS JAGAN_PRESSMEETS DATA/9_20.11.2024_AP BUDGET 2024-25, CAG REPORT/BUDGET_YS JAGAN PRESSMEET_20112024/MEGA DSC_1 (4).jpeg
[613/645]    1seg  data/YS JAGAN_PRESSMEETS DATA/9_20.11.2024_AP BUDGET 2024-25, CAG REPORT/BUDGET_YS JAGAN PRESSMEET_20112024/MEGA DSC_1 (5).jpeg
[614/645]    1seg  data/YS JAGAN_PRESSMEETS DATA/9_20.11.2024_AP BUDGET 2024-25, CAG REPORT/BUDGET_YS JAGAN PRESSMEET_20112024/PAWAN ON WOMEN TRAFFICKING (1).jpeg
[615/645]    1seg  data/YS JAGAN_PRESSMEETS DATA/9_20.11.2024_AP BUDGET 2024-25, CAG REPORT/BUDGET_YS JAGAN PRESSMEET_20112024/PAWAN ON WOMEN TRAFFICKING (2).jpeg
[616/645]    1seg  data/YS JAGAN_PRESSMEETS DATA/9_20.11.2024_AP BUDGET 2024-25, CAG REPORT/BUDGET_YS JAGAN PRESSMEET_20112024/PAWAN ON WOMEN TRAFFICKING (3).jpeg
[617/645]    1seg  data/YS JAGAN_PRESSMEETS DATA/9_20.11.2024_AP BUDGET 2024-25, CAG REPORT/BUDGET_YS JAGAN PRESSMEET_20112024/POWER ISSUE_BABU BYTE.mp4
[618/645]    2seg  data/YS JAGAN_PRESSMEETS DATA/9_20.11.2024_AP BUDGET 2024-25, CAG REPORT/BUDGET_YS JAGAN PRESSMEET_20112024/POWER ISSUE_BABU BYTE_2.mp4
[619/645]    1seg  data/YS JAGAN_PRESSMEETS DATA/9_20.11.2024_AP BUDGET 2024-25, CAG REPORT/BUDGET_YS JAGAN PRESSMEET_20112024/POWER ISSUE_EENADU_1.jpeg
[620/645]    1seg  data/YS JAGAN_PRESSMEETS DATA/9_20.11.2024_AP BUDGET 2024-25, CAG REPORT/BUDGET_YS JAGAN PRESSMEET_20112024/POWER ISSUE_PRAJASAKTHI.jpeg
[621/645]    1seg  data/YS JAGAN_PRESSMEETS DATA/9_20.11.2024_AP BUDGET 2024-25, CAG REPORT/BUDGET_YS JAGAN PRESSMEET_20112024/ROAD TOLL_EENADU (1).jpeg
[622/645]    1seg  data/YS JAGAN_PRESSMEETS DATA/9_20.11.2024_AP BUDGET 2024-25, CAG REPORT/BUDGET_YS JAGAN PRESSMEET_20112024/ROAD TOLL_PRAJASAKTHI (2).jpeg
[623/645]    1seg  data/YS JAGAN_PRESSMEETS DATA/9_20.11.2024_AP BUDGET 2024-25, CAG REPORT/BUDGET_YS JAGAN PRESSMEET_20112024/ROADS ALLOCATIONS YSRCP GOVT.pdf
[624/645]    1seg  data/YS JAGAN_PRESSMEETS DATA/9_20.11.2024_AP BUDGET 2024-25, CAG REPORT/BUDGET_YS JAGAN PRESSMEET_20112024/SUPER SIX.jpg
[625/645]   19seg  data/YS JAGAN_PRESSMEETS DATA/9_20.11.2024_AP BUDGET 2024-25, CAG REPORT/BUDGET_YS JAGAN PRESSMEET_20112024/VOLUNTEERS APPOINTED 6 GO_S.pdf
[626/645]    1seg  data/YS JAGAN_PRESSMEETS DATA/9_20.11.2024_AP BUDGET 2024-25, CAG REPORT/BUDGET_YS JAGAN PRESSMEET_20112024/Volunteers_TDP Manifesto.jpeg
[627/645]    1seg  data/YS JAGAN_PRESSMEETS DATA/9_20.11.2024_AP BUDGET 2024-25, CAG REPORT/PRESS RELEASE.docx
[628/645]    0seg  data/YS JAGAN_PRESSMEETS DATA/9_20.11.2024_AP BUDGET 2024-25, CAG REPORT/Sri YS Jagan PC 20112024.pdf
[629/645]    1seg  data/YS JAGAN_PRESSMEETS DATA/9_20.11.2024_AP BUDGET 2024-25, CAG REPORT/YS Jagan PC Sak 21112024.jpeg
[630/645]    1seg  data/YS JAGAN_PRESSMEETS DATA/9_20.11.2024_AP BUDGET 2024-25, CAG REPORT/YS Jagan PC Sak 211120242.jpeg
[631/645]    1seg  data/YS JAGAN_PRESSMEETS DATA/9_20.11.2024_AP BUDGET 2024-25, CAG REPORT/YS Jagan PC Sak 211120243.jpeg
[632/645]    1seg  data/YS JAGAN_PRESSMEETS DATA/IMP_10.09.2024_YSJAGAN_DELHI_PROTEST/YS Jagan Delhi Dharna sak 25072024 2.jpeg
[633/645]    1seg  data/YS JAGAN_PRESSMEETS DATA/IMP_10.09.2024_YSJAGAN_DELHI_PROTEST/YS Jagan Delhi Dharna sak 25072024 3.jpeg
[634/645]    1seg  data/YS JAGAN_PRESSMEETS DATA/IMP_10.09.2024_YSJAGAN_DELHI_PROTEST/YS Jagan Delhi Dharna sak 25072024 74.jpeg
[635/645]    1seg  data/YS JAGAN_PRESSMEETS DATA/IMP_10.09.2024_YSJAGAN_DELHI_PROTEST/YS Jagan Delhi Dharna sak 25072024 8.jpeg
[636/645]    1seg  data/YS JAGAN_PRESSMEETS DATA/IMP_10.09.2024_YSJAGAN_DELHI_PROTEST/YS Jagan Delhi Dharna sak 25072024.jpeg
[637/645]    1seg  data/YS JAGAN_PRESSMEETS DATA/IMP_10.09.2024_YSJAGAN_DELHI_PROTEST/YS Jagan Delhi Dharna sak 250720244.jpeg
[638/645]    1seg  data/YS JAGAN_PRESSMEETS DATA/IMP_10.09.2024_YSJAGAN_DELHI_PROTEST/YS Jagan Delhi Dharna sak 250720245.jpeg
[639/645]    1seg  data/YS JAGAN_PRESSMEETS DATA/IMP_10.09.2024_YSJAGAN_DELHI_PROTEST/YS Jagan Delhi Dharna sak 250720246.jpeg
[640/645]    1seg  data/YS JAGAN_PRESSMEETS DATA/IMP_10.09.2024_YSJAGAN_DELHI_PROTEST/YS Jagan NDTV Interview sak 26072024.jpeg
[641/645]    1seg  data/YS JAGAN_PRESSMEETS DATA/IMP_10.09.2024_YSJAGAN_DELHI_PROTEST/YS Jagan NDTV Interview sak 260720242.jpeg
[642/645]    1seg  data/YS JAGAN_PRESSMEETS DATA/SRI YS JAGAN PRESSMEETS TIMELINE.docx
[643/645]    1seg  data/YS JAGAN_PRESSMEETS DATA/SRI YS_Jagan_Tour SCHEDULES_2024.xlsx
[644/645]    1seg  data/YS JAGAN_PRESSMEETS DATA/SRI YS_Jagan_Tour SCHEDULES_2025.xlsx
[645/645]    1seg  data/YS JAGAN_PRESSMEETS DATA/SRI YS_Jagan_Tour SCHEDULES_2026.xlsx
extract [sarvam]: 645/645 done · 1912 seg · 13 err · 506 sarvam calls
manifest: {"files": 645, "extract": 632, "normalize": 632, "chunk": 0, "embed": 0, "graph": 0}
