nohup: ignoring input
discovered 635 source files under /home/balannag/KNG/data
[1/635]   20seg  data/July 2026/Emergency 2.0/Emergency 2.0.pdf
[2/635]   32seg  data/July 2026/Emergency 2.0/Social media censorship-21-07-2026.pdf
[88/635]   15seg  data/YS JAGAN_PRESSMEETS DATA/11_06.02.2025_CHANDRABABU SUPERSIX PROMISES/SRI YSJ PRESSMEET-06022025/1. Sri YSJ 6th Feb presentation - full.pdf
[89/635]   13seg  data/YS JAGAN_PRESSMEETS DATA/11_06.02.2025_CHANDRABABU SUPERSIX PROMISES/SRI YSJ PRESSMEET-06022025/4. DAVOS_CBN_06022025.pdf
[93/635]   13seg  data/YS JAGAN_PRESSMEETS DATA/11_06.02.2025_CHANDRABABU SUPERSIX PROMISES/SRI YSJ PRESSMEET-06022025/VIDEOS/DAVOS_CBN_06022025.pdf
[111/635]   24seg  data/YS JAGAN_PRESSMEETS DATA/12_05.03.2025_BUDGET 2025-26/SRI YSJ PRESSMEET_BUDGET_05032025/New folder/Press meet on Budget for FY 26 (1).pdf
[113/635]   25seg  data/YS JAGAN_PRESSMEETS DATA/12_05.03.2025_BUDGET 2025-26/SRI YSJ PRESSMEET_BUDGET_05032025/Sri YS Jagan Press meet on Budget for FY2025-2026 (05-03-2025).pdf
[128/635]   17seg  data/YS JAGAN_PRESSMEETS DATA/13_22.05.2025_LIQUOR SCAM, REDBOOK, AMARAVATI/PC_22052025/PC_22052025/Presentation of Sri YSJ - 21052025 (3).pdf
[148/635]   14seg  data/YS JAGAN_PRESSMEETS DATA/13_22.05.2025_LIQUOR SCAM, REDBOOK, AMARAVATI/PC_22052025/PDF_FILES/CRDA_L1Bids_22WORKS_4.41 Excess.pdf
[162/635]   16seg  data/YS JAGAN_PRESSMEETS DATA/14_19.06.2025_RECALLING CHANDRABABU’S MANIFESTO/SRI YSJ_PC_19062025/3.Sri YSJ press meet - 19062025_Final.pdf
[184/635]   12seg  data/YS JAGAN_PRESSMEETS DATA/16_13.08.2025_ZPTC Elections Pulivendula-Ontimitta, CONGRESS-TDP Hotline, Rahul Gandhi VoteChore Issue, Manickam Tagore/16_ZPTC Elections, Pulivendula-2025 fake votes IDENTIFICATION.pdf
[195/635]   26seg  data/YS JAGAN_PRESSMEETS DATA/17_10.09.2025_UREA, MEDICAL COLLEGES(PPP)/FINAL PRESENTATION_10092025/TOPIC_1_UREA_FARMERS CLIPS.pdf
[211/635]   25seg  data/YS JAGAN_PRESSMEETS DATA/18_23.10.2025_TDPLIQUOR_ISSUE_MC_LB_VIZAG DATA CENTER_EMPLOYEESDATA/YSJ_PressMeet PDF_23102025.pdf
[227/635]   14seg  data/YS JAGAN_PRESSMEETS DATA/19_04.12.2025_TTDPARAKAMANI_29HOSTELSTUDENTSDEATHS_LIQUOR/04122025_YSJAGAN_PC/DATA/అన్నదాతల ఆక్రందన-Final.pdf
[235/635]   24seg  data/YS JAGAN_PRESSMEETS DATA/20_08.01.2026_RAYALASEMA LIFT IRRIGATION_BHOGAPURAM_AMARAVATHI CAPITAL ISSUE/YS Jagan PC - Full Copy - 08.01.2026 pdf.pdf
[277/635]   36seg  data/YS JAGAN_PRESSMEETS DATA/21_22.01.2026_RESURVEY_JAGANANNA BHU RAKSHA PASS BOOK_MANDA SALMAN MURDER/YS Jagan PC Full Copy PDF - 22.01.2026.pdf
[278/635]   20seg  data/YS JAGAN_PRESSMEETS DATA/22_19.02.2026_BUDGET 2026-27, LADDU HERITAGE INDHAPUR, BHOLEBABA/PAPER PDF_S/చైతన్యరథం 20-02-2026.pdf
[279/635]   44seg  data/YS JAGAN_PRESSMEETS DATA/22_19.02.2026_BUDGET 2026-27, LADDU HERITAGE INDHAPUR, BHOLEBABA/PRESS RELEASES/Jagan Sir - PC - Final - Copy.pdf
[280/635]   16seg  data/YS JAGAN_PRESSMEETS DATA/22_19.02.2026_BUDGET 2026-27, LADDU HERITAGE INDHAPUR, BHOLEBABA/PRESS RELEASES/Jagan Sir - PC - Final - Part-1.pdf
[281/635]   22seg  data/YS JAGAN_PRESSMEETS DATA/22_19.02.2026_BUDGET 2026-27, LADDU HERITAGE INDHAPUR, BHOLEBABA/PRESS RELEASES/Jagan Sir - PC - Final - Part-2.pdf
[292/635]   33seg  data/YS JAGAN_PRESSMEETS DATA/22_19.02.2026_BUDGET 2026-27, LADDU HERITAGE INDHAPUR, BHOLEBABA/SRI YS JAGAN PC_19.02.2026 FINAL PRESENTATION.pdf
[297/635]   14seg  data/YS JAGAN_PRESSMEETS DATA/22_19.02.2026_BUDGET 2026-27, LADDU HERITAGE INDHAPUR, BHOLEBABA/laddu controversy_19-02-2026 - TEL.pdf
[298/635]   14seg  data/YS JAGAN_PRESSMEETS DATA/23_11.03.2026_BUDGET 2026-27, CAG REPORTS,  STATE FINANCE, TIRUMALA ISSUES/SOURCE FILE/1.TOPIC_SRI YS JAGAN PC_11-03-2026.pdf
[302/635]   17seg  data/YS JAGAN_PRESSMEETS DATA/23_11.03.2026_BUDGET 2026-27, CAG REPORTS,  STATE FINANCE, TIRUMALA ISSUES/SRI YS JAGAN PC_11-03-2026_FINAL.pdf
[304/635]   27seg  data/YS JAGAN_PRESSMEETS DATA/24_01.04.2026_CAPITAL MAVIGUN_AMARAVTI CAPITAL SCAM/New folder/Jagan Sir PC - Final.pdf
[308/635]   12seg  data/YS JAGAN_PRESSMEETS DATA/24_01.04.2026_CAPITAL MAVIGUN_AMARAVTI CAPITAL SCAM/Vijayawada_NIE_02-04-2026.pdf
[312/635]   39seg  data/YS JAGAN_PRESSMEETS DATA/25_21.05.2026_AMARAVATHI_MAVIGUN_CRIMINALPOLITICS_PETROL_BOTHRN_TSAME/Jagan Sir - PC Final.pdf
[315/635]   15seg  data/YS JAGAN_PRESSMEETS DATA/26_11.06.2026_TDP_DSC_SCAM_CockroachParty/11-06-2026_JAGAN SIR PC FINAL.pdf
[320/635]  120seg  data/YS JAGAN_PRESSMEETS DATA/26_11.06.2026_TDP_DSC_SCAM_CockroachParty/DSC_SCAM_SAKSHI/APMDSC_SA(NL) - SOCIAL STUDIES_KRISHNA_meritlist.pdf
[326/635]   19seg  data/YS JAGAN_PRESSMEETS DATA/26_11.06.2026_TDP_DSC_SCAM_CockroachParty/DSC_SCAM_SAKSHI/DOC-20260520- Sports Policy 2024-29_ Implementation of three percent horizontal reservation.pdf
[331/635]     ERR  data/YS JAGAN_PRESSMEETS DATA/26_11.06.2026_TDP_DSC_SCAM_CockroachParty/DSC_SCAM_SAKSHI/DSC GO 31-05-26.RTF.doc
[336/635]   68seg  data/YS JAGAN_PRESSMEETS DATA/26_11.06.2026_TDP_DSC_SCAM_CockroachParty/DSC_SCAM_SAKSHI/Naveen social school assistant record.pdf
[371/635]   41seg  data/YS JAGAN_PRESSMEETS DATA/26_11.06.2026_TDP_DSC_SCAM_CockroachParty/ORIGINAL COPIES/2024YATC_34564_MS18.pdf
[372/635]   16seg  data/YS JAGAN_PRESSMEETS DATA/26_11.06.2026_TDP_DSC_SCAM_CockroachParty/ORIGINAL COPIES/2025YATC_MS4_E.pdf
[375/635]   19seg  data/YS JAGAN_PRESSMEETS DATA/26_11.06.2026_TDP_DSC_SCAM_CockroachParty/ORIGINAL COPIES/2026YATC_41749_MS25_E.pdf
[377/635]   13seg  data/YS JAGAN_PRESSMEETS DATA/26_11.06.2026_TDP_DSC_SCAM_CockroachParty/ORIGINAL COPIES/DOC-20260528-WA0013..pdf
[381/635]   14seg  data/YS JAGAN_PRESSMEETS DATA/26_11.06.2026_TDP_DSC_SCAM_CockroachParty/PAPER PDF_S/Vijayawada_NIE_12-06-2026.pdf
[384/635]   15seg  data/YS JAGAN_PRESSMEETS DATA/27_01.07.2026_Next Election_MAVIGUN vs AMARAVATI/01-07-2026_JAGAN SIR PC FINAL.pdf
[387/635]   20seg  data/YS JAGAN_PRESSMEETS DATA/27_01.07.2026_Next Election_MAVIGUN vs AMARAVATI/SOURCE FILE/01-07-2026_JAGAN SIR PC FINAL (1).pdf
[392/635]   12seg  data/YS JAGAN_PRESSMEETS DATA/27_01.07.2026_Next Election_MAVIGUN vs AMARAVATI/Vijayawada_NIE_02-07-2026.pdf
[394/635]   19seg  data/YS JAGAN_PRESSMEETS DATA/2_26.07.2024_TDP WHITE PAPERS/Presentation July 2024 for media.pdf
[443/635]   60seg  data/YS JAGAN_PRESSMEETS DATA/4_27.09.2024_YSJ TIRUPATI TOUR CANCELLED/TTD_LADDU_ISSUE/Jagan_sir_on_100days_Tirumala Laddu_20092024.pdf
[448/635]   32seg  data/YS JAGAN_PRESSMEETS DATA/4_27.09.2024_YSJ TIRUPATI TOUR CANCELLED/TTD_LADDU_ISSUE/NEW_TTD Tender Document on Cow Ghee_Instructions_07102024.pdf
[455/635]     ERR  data/YS JAGAN_PRESSMEETS DATA/4_27.09.2024_YSJ TIRUPATI TOUR CANCELLED/TTD_LADDU_ISSUE/TTD Complaint on ARDairy.doc
[461/635]   64seg  data/YS JAGAN_PRESSMEETS DATA/4_27.09.2024_YSJ TIRUPATI TOUR CANCELLED/TTD_LADDU_ISSUE/TTD_RE-JOINDER_28082024.PDF
[464/635]   20seg  data/YS JAGAN_PRESSMEETS DATA/4_27.09.2024_YSJ TIRUPATI TOUR CANCELLED/TTD_LADDU_ISSUE/Tirupati Laddu Row_ Supreme Court Forms SIT To Probe Ghee Adulteration Allegation_LIVELAW_04102024.pdf
[519/635]   14seg  data/YS JAGAN_PRESSMEETS DATA/7_07.11.2024_SOCIAL MEDIA ARRESTS/1. SOCIAL MEDIA_FIR COPYS_07.11.2024.pdf
[615/635]   19seg  data/YS JAGAN_PRESSMEETS DATA/9_20.11.2024_AP BUDGET 2024-25, CAG REPORT/BUDGET_YS JAGAN PRESSMEET_20112024/VOLUNTEERS APPOINTED 6 GO_S.pdf
[618/635]   14seg  data/YS JAGAN_PRESSMEETS DATA/9_20.11.2024_AP BUDGET 2024-25, CAG REPORT/Sri YS Jagan PC 20112024.pdf
extract [sarvam]: 49/635 done · 1198 seg · 2 err · 142 sarvam calls
manifest: {"files": 635, "extract": 633, "normalize": 633, "chunk": 0, "embed": 0, "graph": 0}
